Archive member included to satisfy reference by file (symbol)

c:/programs/gnuarm~1/102020~1/bin/../lib/gcc/arm-none-eabi/10.2.1/thumb/v6-m/nofp\libgcc.a(_dvmd_tls.o)
                              CMakeFiles/RP2040.dir/D_/pico/pico-sdk/src/rp2_common/pico_divider/divider.S.obj (__aeabi_idiv0)
c:/programs/gnuarm~1/102020~1/bin/../lib/gcc/arm-none-eabi/10.2.1/../../../../arm-none-eabi/lib/thumb/v6-m/nofp\libg.a(lib_a-calloc.o)
                              CMakeFiles/RP2040.dir/D_/pico/pico-sdk/src/rp2_common/pico_malloc/pico_malloc.c.obj (calloc)
c:/programs/gnuarm~1/102020~1/bin/../lib/gcc/arm-none-eabi/10.2.1/../../../../arm-none-eabi/lib/thumb/v6-m/nofp\libg.a(lib_a-callocr.o)
                              c:/programs/gnuarm~1/102020~1/bin/../lib/gcc/arm-none-eabi/10.2.1/../../../../arm-none-eabi/lib/thumb/v6-m/nofp\libg.a(lib_a-calloc.o) (_calloc_r)
c:/programs/gnuarm~1/102020~1/bin/../lib/gcc/arm-none-eabi/10.2.1/../../../../arm-none-eabi/lib/thumb/v6-m/nofp\libg.a(lib_a-ctype_.o)
                              CMakeFiles/RP2040.dir/D_/pico/pico-sdk/lib/tinyusb/src/tusb.c.obj (_ctype_)
c:/programs/gnuarm~1/102020~1/bin/../lib/gcc/arm-none-eabi/10.2.1/../../../../arm-none-eabi/lib/thumb/v6-m/nofp\libg.a(lib_a-impure.o)
                              c:/programs/gnuarm~1/102020~1/bin/../lib/gcc/arm-none-eabi/10.2.1/../../../../arm-none-eabi/lib/thumb/v6-m/nofp\libg.a(lib_a-calloc.o) (_impure_ptr)
c:/programs/gnuarm~1/102020~1/bin/../lib/gcc/arm-none-eabi/10.2.1/../../../../arm-none-eabi/lib/thumb/v6-m/nofp\libg.a(lib_a-init.o)
                              c:/programs/gnuarm~1/102020~1/bin/../lib/gcc/arm-none-eabi/10.2.1/../../../../arm-none-eabi/lib/thumb/v6-m/nofp/crt0.o (__libc_init_array)
c:/programs/gnuarm~1/102020~1/bin/../lib/gcc/arm-none-eabi/10.2.1/../../../../arm-none-eabi/lib/thumb/v6-m/nofp\libg.a(lib_a-malloc.o)
                              CMakeFiles/RP2040.dir/D_/pico/pico-sdk/src/rp2_common/pico_malloc/pico_malloc.c.obj (malloc)
c:/programs/gnuarm~1/102020~1/bin/../lib/gcc/arm-none-eabi/10.2.1/../../../../arm-none-eabi/lib/thumb/v6-m/nofp\libg.a(lib_a-mallocr.o)
                              c:/programs/gnuarm~1/102020~1/bin/../lib/gcc/arm-none-eabi/10.2.1/../../../../arm-none-eabi/lib/thumb/v6-m/nofp\libg.a(lib_a-callocr.o) (_malloc_r)
c:/programs/gnuarm~1/102020~1/bin/../lib/gcc/arm-none-eabi/10.2.1/../../../../arm-none-eabi/lib/thumb/v6-m/nofp\libg.a(lib_a-mlock.o)
                              c:/programs/gnuarm~1/102020~1/bin/../lib/gcc/arm-none-eabi/10.2.1/../../../../arm-none-eabi/lib/thumb/v6-m/nofp\libg.a(lib_a-mallocr.o) (__malloc_lock)
c:/programs/gnuarm~1/102020~1/bin/../lib/gcc/arm-none-eabi/10.2.1/../../../../arm-none-eabi/lib/thumb/v6-m/nofp\libg.a(lib_a-sbrkr.o)
                              c:/programs/gnuarm~1/102020~1/bin/../lib/gcc/arm-none-eabi/10.2.1/../../../../arm-none-eabi/lib/thumb/v6-m/nofp\libg.a(lib_a-mallocr.o) (_sbrk_r)
c:/programs/gnuarm~1/102020~1/bin/../lib/gcc/arm-none-eabi/10.2.1/../../../../arm-none-eabi/lib/thumb/v6-m/nofp\libg.a(lib_a-strlen-stub.o)
                              CMakeFiles/RP2040.dir/D_/pico/pico-sdk/src/rp2_common/pico_stdio/stdio.c.obj (strlen)
c:/programs/gnuarm~1/102020~1/bin/../lib/gcc/arm-none-eabi/10.2.1/../../../../arm-none-eabi/lib/thumb/v6-m/nofp\libg.a(lib_a-freer.o)
                              c:/programs/gnuarm~1/102020~1/bin/../lib/gcc/arm-none-eabi/10.2.1/../../../../arm-none-eabi/lib/thumb/v6-m/nofp\libg.a(lib_a-malloc.o) (_free_r)
c:/programs/gnuarm~1/102020~1/bin/../lib/gcc/arm-none-eabi/10.2.1/../../../../arm-none-eabi/lib/thumb/v6-m/nofp\libg.a(lib_a-lock.o)
                              c:/programs/gnuarm~1/102020~1/bin/../lib/gcc/arm-none-eabi/10.2.1/../../../../arm-none-eabi/lib/thumb/v6-m/nofp\libg.a(lib_a-mlock.o) (__retarget_lock_acquire_recursive)
c:/programs/gnuarm~1/102020~1/bin/../lib/gcc/arm-none-eabi/10.2.1/../../../../arm-none-eabi/lib/thumb/v6-m/nofp\libg.a(lib_a-reent.o)
                              c:/programs/gnuarm~1/102020~1/bin/../lib/gcc/arm-none-eabi/10.2.1/../../../../arm-none-eabi/lib/thumb/v6-m/nofp\libg.a(lib_a-sbrkr.o) (errno)

Discarded input sections

 .text          0x00000000        0x0 c:/programs/gnuarm~1/102020~1/bin/../lib/gcc/arm-none-eabi/10.2.1/thumb/v6-m/nofp/crti.o
 .data          0x00000000        0x0 c:/programs/gnuarm~1/102020~1/bin/../lib/gcc/arm-none-eabi/10.2.1/thumb/v6-m/nofp/crti.o
 .bss           0x00000000        0x0 c:/programs/gnuarm~1/102020~1/bin/../lib/gcc/arm-none-eabi/10.2.1/thumb/v6-m/nofp/crti.o
 .data          0x00000000        0x4 c:/programs/gnuarm~1/102020~1/bin/../lib/gcc/arm-none-eabi/10.2.1/thumb/v6-m/nofp/crtbegin.o
 .rodata        0x00000000       0x24 c:/programs/gnuarm~1/102020~1/bin/../lib/gcc/arm-none-eabi/10.2.1/thumb/v6-m/nofp/crtbegin.o
 .fini_array    0x00000000        0x4 c:/programs/gnuarm~1/102020~1/bin/../lib/gcc/arm-none-eabi/10.2.1/thumb/v6-m/nofp/crtbegin.o
[...]
Memory Configuration

Name             Origin             Length             Attributes
FLASH            0x10000000         0x00200000         xr
RAM              0x20000000         0x00040000         xrw
SCRATCH_X        0x20040000         0x00001000         xrw
SCRATCH_Y        0x20041000         0x00001000         xrw
*default*        0x00000000         0xffffffff

Linker script and memory map

LOAD c:/programs/gnuarm~1/102020~1/bin/../lib/gcc/arm-none-eabi/10.2.1/thumb/v6-m/nofp/crti.o
LOAD c:/programs/gnuarm~1/102020~1/bin/../lib/gcc/arm-none-eabi/10.2.1/thumb/v6-m/nofp/crtbegin.o
LOAD c:/programs/gnuarm~1/102020~1/bin/../lib/gcc/arm-none-eabi/10.2.1/../../../../arm-none-eabi/lib/thumb/v6-m/nofp/crt0.o

.flash_begin    0x10000000        0x0
                0x10000000                __flash_binary_start = .

.boot2          0x10000000      0x100
                0x10000000                __boot2_start__ = .
 *(.boot2)
 .boot2         0x10000000      0x100 C:\Users\WORK\AppData\Local\Temp\cc6SwOkD.o
                0x10000100                __boot2_end__ = .
                0x00000001                ASSERT (((__boot2_end__ - __boot2_start__) == 0x100), ERROR: Pico second stage bootloader must be 256 bytes in size)

.text           0x10000100     0x8288
                0x10000100                __logical_binary_start = .
 *(.vectors)
 .vectors       0x10000100       0xd4 CMakeFiles/RP2040.dir/D_/pico/pico-sdk/src/rp2_common/pico_standard_link/crt0.S.obj
                0x10000100                __VECTOR_TABLE
                0x10000100                __vectors
                0x100001c0                isr_invalid
                0x100001c0                __default_isrs_start
                0x100001c2                isr_nmi
                0x100001c4                isr_hardfault
                0x100001c6                isr_svcall
                0x100001c8                isr_pendsv
                0x100001ca                isr_systick
                0x100001cc                isr_irq23
                0x100001cc                isr_irq18
                0x100001cc                isr_irq11
                0x100001cc                isr_irq28
                0x100001cc                isr_irq19
                0x100001cc                isr_irq0
                0x100001cc                isr_irq6
                0x100001cc                isr_irq5
                0x100001cc                isr_irq12
                0x100001cc                isr_irq22
                0x100001cc                isr_irq31
                0x100001cc                isr_irq17
                0x100001cc                isr_irq27
                0x100001cc                isr_irq30
                0x100001cc                isr_irq2
                0x100001cc                isr_irq10
                0x100001cc                isr_irq8
                0x100001cc                isr_irq24
                0x100001cc                isr_irq1
                0x100001cc                isr_irq7
                0x100001cc                isr_irq21
                0x100001cc                isr_irq20
                0x100001cc                isr_irq15
                0x100001cc                isr_irq25
                0x100001cc                isr_irq13
                0x100001cc                __unhandled_user_irq
                0x100001cc                isr_irq4
                0x100001cc                isr_irq16
                0x100001cc                isr_irq29
                0x100001cc                isr_irq26
                0x100001cc                __default_isrs_end
                0x100001cc                isr_irq3
                0x100001cc                isr_irq14
                0x100001cc                isr_irq9
                0x100001d2                unhandled_user_irq_num_in_r0
 *(.binary_info_header)
 .binary_info_header
                0x100001d4       0x14 CMakeFiles/RP2040.dir/D_/pico/pico-sdk/src/rp2_common/pico_standard_link/crt0.S.obj
                0x100001e8                __binary_info_header_end = .
 *(.reset)
 .reset         0x100001e8       0xa8 CMakeFiles/RP2040.dir/D_/pico/pico-sdk/src/rp2_common/pico_standard_link/crt0.S.obj
                0x100001e8                _entry_point
                0x10000266                __get_current_exception
 .reset         0x10000290       0x30 CMakeFiles/RP2040.dir/D_/pico/pico-sdk/src/rp2_common/pico_standard_link/binary_info.c.obj
 *(.init)
 .init          0x100002c0        0x4 c:/programs/gnuarm~1/102020~1/bin/../lib/gcc/arm-none-eabi/10.2.1/thumb/v6-m/nofp/crti.o
                0x100002c0                _init
 *(EXCLUDE_FILE(*libm.a: *libc.a:*lib_a-mem*.o *libgcc.a:) .text*)
 .text          0x100002c4       0x48 c:/programs/gnuarm~1/102020~1/bin/../lib/gcc/arm-none-eabi/10.2.1/thumb/v6-m/nofp/crtbegin.o
 .text.main     0x1000030c       0x4c CMakeFiles/RP2040.dir/main.c.obj
                0x1000030c                main
 .text.LED_Init
                0x10000358       0x30 CMakeFiles/RP2040.dir/led.c.obj
                0x10000358                LED_Init
 .text.DUT_GPIO_Init
                0x10000388       0x62 CMakeFiles/RP2040.dir/dut.c.obj
                0x10000388                DUT_GPIO_Init
 .text.DUT_Init
                0x100003ea        0x8 CMakeFiles/RP2040.dir/dut.c.obj
                0x100003ea                DUT_Init
 .text.DUT_DET_OUT_L
                0x100003f2        0xe CMakeFiles/RP2040.dir/dut.c.obj
                0x100003f2                DUT_DET_OUT_L
 .text.DUT_DET_IN
                0x10000400       0x18 CMakeFiles/RP2040.dir/dut.c.obj
                0x10000400                DUT_DET_IN
 .text.DUT_PWR_ON
                0x10000418       0x1e CMakeFiles/RP2040.dir/dut.c.obj
                0x10000418                DUT_PWR_ON
 .text.DUT_PWR_OFF
                0x10000436       0x26 CMakeFiles/RP2040.dir/dut.c.obj
                0x10000436                DUT_PWR_OFF
 .text.DUT_I2C_Start
                0x1000045c       0x30 CMakeFiles/RP2040.dir/dut.c.obj
                0x1000045c                DUT_I2C_Start
 .text.DUT_I2C_Stop
                0x1000048c       0x2e CMakeFiles/RP2040.dir/dut.c.obj
                0x1000048c                DUT_I2C_Stop
 .text.DUT_I2C_Ack
                0x100004ba       0x26 CMakeFiles/RP2040.dir/dut.c.obj
                0x100004ba                DUT_I2C_Ack
 .text.DUT_I2C_NAck
                0x100004e0       0x26 CMakeFiles/RP2040.dir/dut.c.obj
                0x100004e0                DUT_I2C_NAck
 .text.DUT_I2C_Check_Ack
                0x10000506       0x38 CMakeFiles/RP2040.dir/dut.c.obj
                0x10000506                DUT_I2C_Check_Ack
 .text.DUT_I2C_WriteByte
                0x1000053e       0x54 CMakeFiles/RP2040.dir/dut.c.obj
                0x1000053e                DUT_I2C_WriteByte
 .text.DUT_I2C_ReadByte
                0x10000592       0x4e CMakeFiles/RP2040.dir/dut.c.obj
                0x10000592                DUT_I2C_ReadByte
 .text.DUT_Polling_Delay
                0x100005e0        0xc CMakeFiles/RP2040.dir/dut.c.obj
                0x100005e0                DUT_Polling_Delay
 .text.DUT_Polling
                0x100005ec       0x26 CMakeFiles/RP2040.dir/dut.c.obj
                0x100005ec                DUT_Polling
 .text.ICP_Enter
                0x10000612       0xd0 CMakeFiles/RP2040.dir/icp.c.obj
                0x10000612                ICP_Enter
 .text.ICP_Exit
                0x100006e2       0x12 CMakeFiles/RP2040.dir/icp.c.obj
                0x100006e2                ICP_Exit
 .text.ICP_Write_PEE_Page
                0x100006f4       0x8c CMakeFiles/RP2040.dir/icp.c.obj
                0x100006f4                ICP_Write_PEE_Page
 .text.ICP_Read_PEE
                0x10000780       0xaa CMakeFiles/RP2040.dir/icp.c.obj
                0x10000780                ICP_Read_PEE
 .text.ICP_Write_PEE
                0x1000082a       0xa6 CMakeFiles/RP2040.dir/icp.c.obj
                0x1000082a                ICP_Write_PEE
 .text.ICP_Write_DEE_Page
                0x100008d0       0x82 CMakeFiles/RP2040.dir/icp.c.obj
                0x100008d0                ICP_Write_DEE_Page
 .text.ICP_Read_DEE
                0x10000952       0x9c CMakeFiles/RP2040.dir/icp.c.obj
                0x10000952                ICP_Read_DEE
 .text.ICP_Write_DEE
                0x100009ee       0xa6 CMakeFiles/RP2040.dir/icp.c.obj
                0x100009ee                ICP_Write_DEE
 .text.ICP_Write_NVR
                0x10000a94       0xa6 CMakeFiles/RP2040.dir/icp.c.obj
                0x10000a94                ICP_Write_NVR
 .text.ICP_Read_NVR
                0x10000b3a       0x9c CMakeFiles/RP2040.dir/icp.c.obj
                0x10000b3a                ICP_Read_NVR
 .text.ICP_CheckSRAM
                0x10000bd6       0x42 CMakeFiles/RP2040.dir/icp.c.obj
                0x10000bd6                ICP_CheckSRAM
 .text.TMP117_PortInit
                0x10000c18       0x4e CMakeFiles/RP2040.dir/tmp117.c.obj
                0x10000c18                TMP117_PortInit
 .text.TMP117_I2C_Start
                0x10000c66       0x4c CMakeFiles/RP2040.dir/tmp117.c.obj
                0x10000c66                TMP117_I2C_Start
 .text.TMP117_I2C_Stop
                0x10000cb2       0x42 CMakeFiles/RP2040.dir/tmp117.c.obj
                0x10000cb2                TMP117_I2C_Stop
 .text.TMP117_I2C_Ack
                0x10000cf4       0x38 CMakeFiles/RP2040.dir/tmp117.c.obj
                0x10000cf4                TMP117_I2C_Ack
 .text.TMP117_I2C_NAck
                0x10000d2c       0x40 CMakeFiles/RP2040.dir/tmp117.c.obj
                0x10000d2c                TMP117_I2C_NAck
 .text.TMP117_I2C_Check_Ack
                0x10000d6c       0x44 CMakeFiles/RP2040.dir/tmp117.c.obj
                0x10000d6c                TMP117_I2C_Check_Ack
 .text.TMP117_I2C_WriteByte
                0x10000db0       0x6c CMakeFiles/RP2040.dir/tmp117.c.obj
                0x10000db0                TMP117_I2C_WriteByte
 .text.TMP117_I2C_ReadByte
                0x10000e1c       0x64 CMakeFiles/RP2040.dir/tmp117.c.obj
                0x10000e1c                TMP117_I2C_ReadByte
 .text.TMP117_WriteBuffer
                0x10000e80       0x6a CMakeFiles/RP2040.dir/tmp117.c.obj
                0x10000e80                TMP117_WriteBuffer
 .text.TMP117_ReadBuffer
                0x10000eea       0x80 CMakeFiles/RP2040.dir/tmp117.c.obj
                0x10000eea                TMP117_ReadBuffer
 .text.TMP117_ContinuousMode
                0x10000f6a       0x1c CMakeFiles/RP2040.dir/tmp117.c.obj
                0x10000f6a                TMP117_ContinuousMode
 .text.TMP117_Init
                0x10000f86        0xc CMakeFiles/RP2040.dir/tmp117.c.obj
                0x10000f86                TMP117_Init
 *fill*         0x10000f92        0x2 
 .text.TMP117_ReadTempture
                0x10000f94       0x70 CMakeFiles/RP2040.dir/tmp117.c.obj
                0x10000f94                TMP117_ReadTempture
 .text.Flash_Read
                0x10001004       0x20 CMakeFiles/RP2040.dir/program.c.obj
                0x10001004                Flash_Read
 .text.Flash_Write
                0x10001024        0x2 CMakeFiles/RP2040.dir/program.c.obj
                0x10001024                Flash_Write
 *fill*         0x10001026        0x2 
 .text.USB_RxData
                0x10001028       0x64 CMakeFiles/RP2040.dir/task_usb.c.obj
                0x10001028                USB_RxData
 .text.Task_USB_Process
                0x1000108c      0x278 CMakeFiles/RP2040.dir/task_usb.c.obj
                0x1000108c                Task_USB_Process
 .text.Task_USB
                0x10001304       0x28 CMakeFiles/RP2040.dir/task_usb.c.obj
                0x10001304                Task_USB
 .text.gpio_set_function
                0x1000132c       0x30 CMakeFiles/RP2040.dir/D_/pico/pico-sdk/src/rp2_common/hardware_gpio/gpio.c.obj
                0x1000132c                gpio_set_function
 .text.gpio_set_pulls
                0x1000135c       0x34 CMakeFiles/RP2040.dir/D_/pico/pico-sdk/src/rp2_common/hardware_gpio/gpio.c.obj
                0x1000135c                gpio_set_pulls
 .text.gpio_set_drive_strength
                0x10001390       0x20 CMakeFiles/RP2040.dir/D_/pico/pico-sdk/src/rp2_common/hardware_gpio/gpio.c.obj
                0x10001390                gpio_set_drive_strength
 .text.gpio_init
                0x100013b0       0x16 CMakeFiles/RP2040.dir/D_/pico/pico-sdk/src/rp2_common/hardware_gpio/gpio.c.obj
                0x100013b0                gpio_init
 *fill*         0x100013c6        0x2 
 .text.hw_claim_lock
                0x100013c8       0x18 CMakeFiles/RP2040.dir/D_/pico/pico-sdk/src/rp2_common/hardware_claim/claim.c.obj
                0x100013c8                hw_claim_lock
 .text.hw_claim_unlock
                0x100013e0       0x14 CMakeFiles/RP2040.dir/D_/pico/pico-sdk/src/rp2_common/hardware_claim/claim.c.obj
                0x100013e0                hw_claim_unlock
 .text.hw_claim_or_assert
                0x100013f4       0x32 CMakeFiles/RP2040.dir/D_/pico/pico-sdk/src/rp2_common/hardware_claim/claim.c.obj
                0x100013f4                hw_claim_or_assert
 .text.hw_claim_unused_from_range
                0x10001426       0x50 CMakeFiles/RP2040.dir/D_/pico/pico-sdk/src/rp2_common/hardware_claim/claim.c.obj
                0x10001426                hw_claim_unused_from_range
 *fill*         0x10001476        0x2 
 .text.running_on_fpga
                0x10001478       0x14 CMakeFiles/RP2040.dir/D_/pico/pico-sdk/src/rp2_common/pico_platform/platform.c.obj
                0x10001478                running_on_fpga
 .text.spin_locks_reset
                0x1000148c       0x20 CMakeFiles/RP2040.dir/D_/pico/pico-sdk/src/rp2_common/hardware_sync/sync.c.obj
                0x1000148c                spin_locks_reset
 .text.next_striped_spin_lock_num
                0x100014ac       0x1c CMakeFiles/RP2040.dir/D_/pico/pico-sdk/src/rp2_common/hardware_sync/sync.c.obj
                0x100014ac                next_striped_spin_lock_num
 .text.spin_lock_claim_unused
                0x100014c8       0x20 CMakeFiles/RP2040.dir/D_/pico/pico-sdk/src/rp2_common/hardware_sync/sync.c.obj
                0x100014c8                spin_lock_claim_unused
 .text.uart_set_baudrate
                0x100014e8       0x5c CMakeFiles/RP2040.dir/D_/pico/pico-sdk/src/rp2_common/hardware_uart/uart.c.obj
                0x100014e8                uart_set_baudrate
 .text.uart_set_translate_crlf
                0x10001544       0x28 CMakeFiles/RP2040.dir/D_/pico/pico-sdk/src/rp2_common/hardware_uart/uart.c.obj
                0x10001544                uart_set_translate_crlf
 .text.uart_init
                0x1000156c       0x80 CMakeFiles/RP2040.dir/D_/pico/pico-sdk/src/rp2_common/hardware_uart/uart.c.obj
                0x1000156c                uart_init
 .text.alarm_pool_post_alloc_init
                0x100015ec       0x40 CMakeFiles/RP2040.dir/D_/pico/pico-sdk/src/common/pico_time/time.c.obj
 .text.sleep_until_callback
                0x1000162c       0x30 CMakeFiles/RP2040.dir/D_/pico/pico-sdk/src/common/pico_time/time.c.obj
 .text.timer_pool_entry_comparator
                0x1000165c       0x7c CMakeFiles/RP2040.dir/D_/pico/pico-sdk/src/common/pico_time/time.c.obj
                0x1000165c                timer_pool_entry_comparator
 .text.ph_add_child_node
                0x100016d8       0xa4 CMakeFiles/RP2040.dir/D_/pico/pico-sdk/src/common/pico_time/time.c.obj
 .text.ph_merge_nodes
                0x1000177c       0x3e CMakeFiles/RP2040.dir/D_/pico/pico-sdk/src/common/pico_time/time.c.obj
 *fill*         0x100017ba        0x2 
 .text.add_alarm_under_lock
                0x100017bc      0x174 CMakeFiles/RP2040.dir/D_/pico/pico-sdk/src/common/pico_time/time.c.obj
 .text.alarm_pool_alarm_callback
                0x10001930      0x328 CMakeFiles/RP2040.dir/D_/pico/pico-sdk/src/common/pico_time/time.c.obj
 .text.alarm_pool_init_default
                0x10001c58       0x38 CMakeFiles/RP2040.dir/D_/pico/pico-sdk/src/common/pico_time/time.c.obj
                0x10001c58                alarm_pool_init_default
 .text.alarm_pool_get_default
                0x10001c90       0x2c CMakeFiles/RP2040.dir/D_/pico/pico-sdk/src/common/pico_time/time.c.obj
                0x10001c90                alarm_pool_get_default
 .text.alarm_pool_add_alarm_at
                0x10001cbc      0x170 CMakeFiles/RP2040.dir/D_/pico/pico-sdk/src/common/pico_time/time.c.obj
                0x10001cbc                alarm_pool_add_alarm_at
 .text.alarm_pool_cancel_alarm
                0x10001e2c       0xec CMakeFiles/RP2040.dir/D_/pico/pico-sdk/src/common/pico_time/time.c.obj
                0x10001e2c                alarm_pool_cancel_alarm
 .text.sleep_until
                0x10001f18       0xfc CMakeFiles/RP2040.dir/D_/pico/pico-sdk/src/common/pico_time/time.c.obj
                0x10001f18                sleep_until
 .text.sleep_us
                0x10002014       0x58 CMakeFiles/RP2040.dir/D_/pico/pico-sdk/src/common/pico_time/time.c.obj
                0x10002014                sleep_us
 .text.sleep_ms
                0x1000206c       0x14 CMakeFiles/RP2040.dir/D_/pico/pico-sdk/src/common/pico_time/time.c.obj
                0x1000206c                sleep_ms
 .text.best_effort_wfe_or_timeout
                0x10002080       0x80 CMakeFiles/RP2040.dir/D_/pico/pico-sdk/src/common/pico_time/time.c.obj
                0x10002080                best_effort_wfe_or_timeout
 .text.hardware_alarm_irq_handler
                0x10002100       0x8c CMakeFiles/RP2040.dir/D_/pico/pico-sdk/src/rp2_common/hardware_timer/timer.c.obj
 .text.hardware_alarm_claim
                0x1000218c       0x18 CMakeFiles/RP2040.dir/D_/pico/pico-sdk/src/rp2_common/hardware_timer/timer.c.obj
                0x1000218c                hardware_alarm_claim
 .text.time_us_64
                0x100021a4       0x18 CMakeFiles/RP2040.dir/D_/pico/pico-sdk/src/rp2_common/hardware_timer/timer.c.obj
                0x100021a4                time_us_64
 .text.busy_wait_until
                0x100021bc       0x28 CMakeFiles/RP2040.dir/D_/pico/pico-sdk/src/rp2_common/hardware_timer/timer.c.obj
                0x100021bc                busy_wait_until
 .text.hardware_alarm_set_callback
                0x100021e4       0x90 CMakeFiles/RP2040.dir/D_/pico/pico-sdk/src/rp2_common/hardware_timer/timer.c.obj
                0x100021e4                hardware_alarm_set_callback
 .text.hardware_alarm_set_target
                0x10002274       0xe8 CMakeFiles/RP2040.dir/D_/pico/pico-sdk/src/rp2_common/hardware_timer/timer.c.obj
                0x10002274                hardware_alarm_set_target
 .text.hardware_alarm_cancel
                0x1000235c       0x40 CMakeFiles/RP2040.dir/D_/pico/pico-sdk/src/rp2_common/hardware_timer/timer.c.obj
                0x1000235c                hardware_alarm_cancel
 .text.lock_init
                0x1000239c       0x10 CMakeFiles/RP2040.dir/D_/pico/pico-sdk/src/common/pico_sync/lock_core.c.obj
                0x1000239c                lock_init
 .text.mutex_init_internal
                0x100023ac       0x1e CMakeFiles/RP2040.dir/D_/pico/pico-sdk/src/common/pico_sync/mutex.c.obj
 .text.mutex_init
                0x100023ca        0xa CMakeFiles/RP2040.dir/D_/pico/pico-sdk/src/common/pico_sync/mutex.c.obj
                0x100023ca                mutex_init
 .text.recursive_mutex_init
                0x100023d4        0xa CMakeFiles/RP2040.dir/D_/pico/pico-sdk/src/common/pico_sync/mutex.c.obj
                0x100023d4                recursive_mutex_init
 *fill*         0x100023de        0x2 
 .text.critical_section_init_with_lock_num
                0x100023e0       0x14 CMakeFiles/RP2040.dir/D_/pico/pico-sdk/src/common/pico_sync/critical_section.c.obj
                0x100023e0                critical_section_init_with_lock_num
 .text.critical_section_init
                0x100023f4       0x14 CMakeFiles/RP2040.dir/D_/pico/pico-sdk/src/common/pico_sync/critical_section.c.obj
                0x100023f4                critical_section_init
 .text.ph_add_child_node
                0x10002408       0xa4 CMakeFiles/RP2040.dir/D_/pico/pico-sdk/src/common/pico_util/pheap.c.obj
 .text.ph_merge_nodes
                0x100024ac       0x3e CMakeFiles/RP2040.dir/D_/pico/pico-sdk/src/common/pico_util/pheap.c.obj
 *fill*         0x100024ea        0x2 
 .text.ph_clear
                0x100024ec       0x70 CMakeFiles/RP2040.dir/D_/pico/pico-sdk/src/common/pico_util/pheap.c.obj
                0x100024ec                ph_clear
 .text.ph_post_alloc_init
                0x1000255c        0xe CMakeFiles/RP2040.dir/D_/pico/pico-sdk/src/common/pico_util/pheap.c.obj
                0x1000255c                ph_post_alloc_init
 *fill*         0x1000256a        0x2 
 .text.ph_merge_two_pass
                0x1000256c       0xa8 CMakeFiles/RP2040.dir/D_/pico/pico-sdk/src/common/pico_util/pheap.c.obj
                0x1000256c                ph_merge_two_pass
 .text.ph_remove_any_head
                0x10002614      0x108 CMakeFiles/RP2040.dir/D_/pico/pico-sdk/src/common/pico_util/pheap.c.obj
 .text.ph_remove_head
                0x1000271c       0x14 CMakeFiles/RP2040.dir/D_/pico/pico-sdk/src/common/pico_util/pheap.c.obj
                0x1000271c                ph_remove_head
 .text.ph_remove_and_free_node
                0x10002730       0xf8 CMakeFiles/RP2040.dir/D_/pico/pico-sdk/src/common/pico_util/pheap.c.obj
                0x10002730                ph_remove_and_free_node
 .text.runtime_init
                0x10002828       0xd8 CMakeFiles/RP2040.dir/D_/pico/pico-sdk/src/rp2_common/pico_runtime/runtime.c.obj
                0x10002828                runtime_init
 .text._exit    0x10002900        0x4 CMakeFiles/RP2040.dir/D_/pico/pico-sdk/src/rp2_common/pico_runtime/runtime.c.obj
                0x10002900                _exit
 .text.exit     0x10002904        0x6 CMakeFiles/RP2040.dir/D_/pico/pico-sdk/src/rp2_common/pico_runtime/runtime.c.obj
                0x10002904                exit
 *fill*         0x1000290a        0x2 
 .text.__assert_func
                0x1000290c       0x3c CMakeFiles/RP2040.dir/D_/pico/pico-sdk/src/rp2_common/pico_runtime/runtime.c.obj
                0x1000290c                __assert_func
 .text.panic    0x10002948       0x30 CMakeFiles/RP2040.dir/D_/pico/pico-sdk/src/rp2_common/pico_runtime/runtime.c.obj
                0x10002948                panic
 .text.clock_configure
                0x10002978      0x104 CMakeFiles/RP2040.dir/D_/pico/pico-sdk/src/rp2_common/hardware_clocks/clocks.c.obj
                0x10002978                clock_configure
 .text.clocks_init
                0x10002a7c      0x100 CMakeFiles/RP2040.dir/D_/pico/pico-sdk/src/rp2_common/hardware_clocks/clocks.c.obj
                0x10002a7c                clocks_init
 .text.clock_get_hz
                0x10002b7c        0xc CMakeFiles/RP2040.dir/D_/pico/pico-sdk/src/rp2_common/hardware_clocks/clocks.c.obj
                0x10002b7c                clock_get_hz
 .text.set_raw_irq_handler_and_unlock
                0x10002b88       0x28 CMakeFiles/RP2040.dir/D_/pico/pico-sdk/src/rp2_common/hardware_irq/irq.c.obj
 .text.make_branch
                0x10002bb0       0x34 CMakeFiles/RP2040.dir/D_/pico/pico-sdk/src/rp2_common/hardware_irq/irq.c.obj
 .text.insert_branch_and_link
                0x10002be4       0x40 CMakeFiles/RP2040.dir/D_/pico/pico-sdk/src/rp2_common/hardware_irq/irq.c.obj
 .text.irq_is_enabled
                0x10002c24       0x18 CMakeFiles/RP2040.dir/D_/pico/pico-sdk/src/rp2_common/hardware_irq/irq.c.obj
                0x10002c24                irq_is_enabled
 .text.irq_set_mask_enabled
                0x10002c3c       0x20 CMakeFiles/RP2040.dir/D_/pico/pico-sdk/src/rp2_common/hardware_irq/irq.c.obj
                0x10002c3c                irq_set_mask_enabled
 .text.irq_set_enabled
                0x10002c5c        0xe CMakeFiles/RP2040.dir/D_/pico/pico-sdk/src/rp2_common/hardware_irq/irq.c.obj
                0x10002c5c                irq_set_enabled
 *fill*         0x10002c6a        0x2 
 .text.irq_set_pending
                0x10002c6c       0x10 CMakeFiles/RP2040.dir/D_/pico/pico-sdk/src/rp2_common/hardware_irq/irq.c.obj
                0x10002c6c                irq_set_pending
 .text.irq_get_vtable_handler
                0x10002c7c       0x10 CMakeFiles/RP2040.dir/D_/pico/pico-sdk/src/rp2_common/hardware_irq/irq.c.obj
                0x10002c7c                irq_get_vtable_handler
 .text.irq_set_exclusive_handler
                0x10002c8c       0x54 CMakeFiles/RP2040.dir/D_/pico/pico-sdk/src/rp2_common/hardware_irq/irq.c.obj
                0x10002c8c                irq_set_exclusive_handler
 .text.irq_remove_handler
                0x10002ce0      0x1ac CMakeFiles/RP2040.dir/D_/pico/pico-sdk/src/rp2_common/hardware_irq/irq.c.obj
                0x10002ce0                irq_remove_handler
 .text.irq_set_priority
                0x10002e8c       0x28 CMakeFiles/RP2040.dir/D_/pico/pico-sdk/src/rp2_common/hardware_irq/irq.c.obj
                0x10002e8c                irq_set_priority
 .text.irq_add_tail_to_free_list
                0x10002eb4       0xf0 CMakeFiles/RP2040.dir/D_/pico/pico-sdk/src/rp2_common/hardware_irq/irq.c.obj
                0x10002eb4                irq_add_tail_to_free_list
 .text.irq_init_priorities
                0x10002fa4       0x16 CMakeFiles/RP2040.dir/D_/pico/pico-sdk/src/rp2_common/hardware_irq/irq.c.obj
                0x10002fa4                irq_init_priorities
 *fill*         0x10002fba        0x2 
 .text.pll_init
                0x10002fbc      0x118 CMakeFiles/RP2040.dir/D_/pico/pico-sdk/src/rp2_common/hardware_pll/pll.c.obj
                0x10002fbc                pll_init
 .text.watchdog_start_tick
                0x100030d4       0x10 CMakeFiles/RP2040.dir/D_/pico/pico-sdk/src/rp2_common/hardware_watchdog/watchdog.c.obj
                0x100030d4                watchdog_start_tick
 .text.watchdog_update
                0x100030e4       0x14 CMakeFiles/RP2040.dir/D_/pico/pico-sdk/src/rp2_common/hardware_watchdog/watchdog.c.obj
                0x100030e4                watchdog_update
 .text._watchdog_enable
                0x100030f8       0x70 CMakeFiles/RP2040.dir/D_/pico/pico-sdk/src/rp2_common/hardware_watchdog/watchdog.c.obj
                0x100030f8                _watchdog_enable
 .text.watchdog_enable
                0x10003168       0x14 CMakeFiles/RP2040.dir/D_/pico/pico-sdk/src/rp2_common/hardware_watchdog/watchdog.c.obj
                0x10003168                watchdog_enable
 .text.watchdog_reboot
                0x1000317c       0x48 CMakeFiles/RP2040.dir/D_/pico/pico-sdk/src/rp2_common/hardware_watchdog/watchdog.c.obj
                0x1000317c                watchdog_reboot
 .text.xosc_init
                0x100031c4       0x28 CMakeFiles/RP2040.dir/D_/pico/pico-sdk/src/rp2_common/hardware_xosc/xosc.c.obj
                0x100031c4                xosc_init
 .text._out_buffer
                0x100031ec        0x8 CMakeFiles/RP2040.dir/D_/pico/pico-sdk/src/rp2_common/pico_printf/printf.c.obj
 .text._out_null
                0x100031f4        0x2 CMakeFiles/RP2040.dir/D_/pico/pico-sdk/src/rp2_common/pico_printf/printf.c.obj
 .text._out_fct
                0x100031f6        0xe CMakeFiles/RP2040.dir/D_/pico/pico-sdk/src/rp2_common/pico_printf/printf.c.obj
 .text._atoi    0x10003204       0x24 CMakeFiles/RP2040.dir/D_/pico/pico-sdk/src/rp2_common/pico_printf/printf.c.obj
 .text._out_rev
                0x10003228       0xae CMakeFiles/RP2040.dir/D_/pico/pico-sdk/src/rp2_common/pico_printf/printf.c.obj
 .text._ntoa_format
                0x100032d6      0x112 CMakeFiles/RP2040.dir/D_/pico/pico-sdk/src/rp2_common/pico_printf/printf.c.obj
 .text._ntoa_long
                0x100033e8       0xbc CMakeFiles/RP2040.dir/D_/pico/pico-sdk/src/rp2_common/pico_printf/printf.c.obj
 .text._ntoa_long_long
                0x100034a4       0xe2 CMakeFiles/RP2040.dir/D_/pico/pico-sdk/src/rp2_common/pico_printf/printf.c.obj
 *fill*         0x10003586        0x2 
 .text._etoa    0x10003588      0x414 CMakeFiles/RP2040.dir/D_/pico/pico-sdk/src/rp2_common/pico_printf/printf.c.obj
 .text._ftoa    0x1000399c      0x354 CMakeFiles/RP2040.dir/D_/pico/pico-sdk/src/rp2_common/pico_printf/printf.c.obj
 .text._vsnprintf
                0x10003cf0      0x624 CMakeFiles/RP2040.dir/D_/pico/pico-sdk/src/rp2_common/pico_printf/printf.c.obj
 .text.__wrap_sprintf
                0x10004314       0x28 CMakeFiles/RP2040.dir/D_/pico/pico-sdk/src/rp2_common/pico_printf/printf.c.obj
                0x10004314                __wrap_sprintf
 .text.vfctprintf
                0x1000433c       0x20 CMakeFiles/RP2040.dir/D_/pico/pico-sdk/src/rp2_common/pico_printf/printf.c.obj
                0x1000433c                vfctprintf
 .text          0x1000435c       0x10 CMakeFiles/RP2040.dir/D_/pico/pico-sdk/src/rp2_common/pico_bit_ops/bit_ops_aeabi.S.obj
 .text.rom_func_lookup
                0x1000436c       0x10 CMakeFiles/RP2040.dir/D_/pico/pico-sdk/src/rp2_common/pico_bootrom/bootrom.c.obj
                0x1000436c                rom_func_lookup
 .text.rom_data_lookup
                0x1000437c       0x10 CMakeFiles/RP2040.dir/D_/pico/pico-sdk/src/rp2_common/pico_bootrom/bootrom.c.obj
                0x1000437c                rom_data_lookup
 .text.rom_funcs_lookup
                0x1000438c       0x36 CMakeFiles/RP2040.dir/D_/pico/pico-sdk/src/rp2_common/pico_bootrom/bootrom.c.obj
                0x1000438c                rom_funcs_lookup
 *fill*         0x100043c2        0x2 
 .text.__wrap___aeabi_idiv
                0x100043c4       0x50 CMakeFiles/RP2040.dir/D_/pico/pico-sdk/src/rp2_common/pico_divider/divider.S.obj
                0x100043c4                __wrap___aeabi_idivmod
                0x100043c4                divmod_s32s32
                0x100043c4                div_s32s32
                0x100043c4                __wrap___aeabi_idiv
                0x100043cc                divmod_s32s32_unsafe
                0x100043f8                divmod_s32s32_savestate
 .text.__wrap___aeabi_uidiv
                0x10004414       0x4c CMakeFiles/RP2040.dir/D_/pico/pico-sdk/src/rp2_common/pico_divider/divider.S.obj
                0x10004414                __wrap___aeabi_uidiv
                0x10004414                __wrap___aeabi_uidivmod
                0x10004414                div_u32u32
                0x10004414                divmod_u32u32
                0x1000441c                divmod_u32u32_unsafe
                0x10004444                divmod_u32u32_savestate
 .text.__wrap___aeabi_ldiv
                0x10004460      0x430 CMakeFiles/RP2040.dir/D_/pico/pico-sdk/src/rp2_common/pico_divider/divider.S.obj
                0x10004460                div_s64s64
                0x10004460                divmod_s64s64
                0x10004460                __wrap___aeabi_ldivmod
                0x10004498                divmod_u64u64
                0x10004498                div_u64u64
                0x10004498                __wrap___aeabi_uldivmod
                0x100044a8                divmod_u64u64_savestate
                0x100044d0                divmod_s64s64_unsafe
                0x10004558                divmod_u64u64_unsafe
 .text.__wrap___aeabi_darithmetic
                0x10004890       0x80 CMakeFiles/RP2040.dir/D_/pico/pico-sdk/src/rp2_common/pico_double/double_aeabi.S.obj
                0x10004890                __wrap___aeabi_drsub
                0x10004896                __wrap___aeabi_dsub
                0x100048a8                __wrap___aeabi_dadd
                0x100048ba                __wrap___aeabi_ddiv
                0x100048f6                __wrap___aeabi_dmul
 .text.__wrap___aeabi_cdcmple
                0x10004910       0x6c CMakeFiles/RP2040.dir/D_/pico/pico-sdk/src/rp2_common/pico_double/double_aeabi.S.obj
                0x10004910                __wrap___aeabi_cdrcmple
                0x10004920                __wrap___aeabi_cdcmpeq
                0x10004920                __wrap___aeabi_cdcmple
 .text.__wrap___aeabi_dcmplt
                0x1000497c        0xc CMakeFiles/RP2040.dir/D_/pico/pico-sdk/src/rp2_common/pico_double/double_aeabi.S.obj
                0x1000497c                __wrap___aeabi_dcmplt
 .text.__wrap___aeabi_dcmple
                0x10004988       0x10 CMakeFiles/RP2040.dir/D_/pico/pico-sdk/src/rp2_common/pico_double/double_aeabi.S.obj
                0x10004988                __wrap___aeabi_dcmple
 .text.__wrap___aeabi_dcmpge
                0x10004998       0x10 CMakeFiles/RP2040.dir/D_/pico/pico-sdk/src/rp2_common/pico_double/double_aeabi.S.obj
                0x10004998                __wrap___aeabi_dcmpge
 .text.__wrap___aeabi_dcmpgt
                0x100049a8        0xa CMakeFiles/RP2040.dir/D_/pico/pico-sdk/src/rp2_common/pico_double/double_aeabi.S.obj
                0x100049a8                __wrap___aeabi_dcmpgt
 .text.__wrap___aeabi_dcmpun
                0x100049b2       0x1c CMakeFiles/RP2040.dir/D_/pico/pico-sdk/src/rp2_common/pico_double/double_aeabi.S.obj
                0x100049b2                __wrap___aeabi_dcmpun
 *fill*         0x100049ce        0x2 
 .text.__wrap___aeabi_i2d
                0x100049d0       0x38 CMakeFiles/RP2040.dir/D_/pico/pico-sdk/src/rp2_common/pico_double/double_aeabi.S.obj
                0x100049d0                __wrap___aeabi_ui2d
                0x100049d8                __wrap___aeabi_i2d
 .text.__wrap___aeabi_d2iz
                0x10004a08       0x48 CMakeFiles/RP2040.dir/D_/pico/pico-sdk/src/rp2_common/pico_double/double_aeabi.S.obj
                0x10004a08                double2int_z
                0x10004a08                __wrap___aeabi_d2iz
 .text.__wrap___aeabi_d2uiz
                0x10004a50       0x18 CMakeFiles/RP2040.dir/D_/pico/pico-sdk/src/rp2_common/pico_double/double_aeabi.S.obj
                0x10004a50                __wrap___aeabi_d2uiz
                0x10004a50                double2uint
 .text.__wrap___aeabi_d2f
                0x10004a68       0x18 CMakeFiles/RP2040.dir/D_/pico/pico-sdk/src/rp2_common/pico_double/double_aeabi.S.obj
                0x10004a68                __wrap___aeabi_d2f
 .text.__aeabi_double_init
                0x10004a80       0xb8 CMakeFiles/RP2040.dir/D_/pico/pico-sdk/src/rp2_common/pico_double/double_init_rom.c.obj
                0x10004a80                __aeabi_double_init
 .text.double_table_shim_on_use_helper
                0x10004b38       0x34 CMakeFiles/RP2040.dir/D_/pico/pico-sdk/src/rp2_common/pico_double/double_v1_rom_shim.S.obj
                0x10004b38                double_table_shim_on_use_helper
 .text.__wrap___aeabi_dsub
                0x10004b6c       0x10 CMakeFiles/RP2040.dir/D_/pico/pico-sdk/src/rp2_common/pico_double/double_v1_rom_shim.S.obj
                0x10004b6c                drsub_shim
                0x10004b72                dsub_shim
 .text.dadd_shim
                0x10004b7c      0x15c CMakeFiles/RP2040.dir/D_/pico/pico-sdk/src/rp2_common/pico_double/double_v1_rom_shim.S.obj
                0x10004b7c                dadd_shim
 .text.dmul_shim
                0x10004cd8      0x15c CMakeFiles/RP2040.dir/D_/pico/pico-sdk/src/rp2_common/pico_double/double_v1_rom_shim.S.obj
                0x10004cd8                dmul_shim
 .text.ddiv_shim
                0x10004e34      0x1b0 CMakeFiles/RP2040.dir/D_/pico/pico-sdk/src/rp2_common/pico_double/double_v1_rom_shim.S.obj
                0x10004e34                ddiv_shim
 .text.dcordic_rot_step
                0x10004fe4       0x7c CMakeFiles/RP2040.dir/D_/pico/pico-sdk/src/rp2_common/pico_double/double_v1_rom_shim.S.obj
                0x10004fe4                dcordic_rot_step
 .text.double2uint_shim
                0x10005060        0xe CMakeFiles/RP2040.dir/D_/pico/pico-sdk/src/rp2_common/pico_double/double_v1_rom_shim.S.obj
                0x10005060                double2uint_shim
                0x10005062                double2ufix_shim
 *fill*         0x1000506e        0x2 
 .text.double2uint64_shim
                0x10005070       0x6c CMakeFiles/RP2040.dir/D_/pico/pico-sdk/src/rp2_common/pico_double/double_v1_rom_shim.S.obj
                0x10005070                double2uint64_shim
                0x10005072                double2ufix64_shim
                0x1000508c                d2fix_a
 .text.double2float_shim
                0x100050dc       0x5c CMakeFiles/RP2040.dir/D_/pico/pico-sdk/src/rp2_common/pico_double/double_v1_rom_shim.S.obj
                0x100050dc                double2float_shim
 .text.dunpacks
                0x10005138       0x3c CMakeFiles/RP2040.dir/D_/pico/pico-sdk/src/rp2_common/pico_double/double_v1_rom_shim.S.obj
                0x10005138                dunpacks
 .text.__aeabi_lmul
                0x10005174       0x32 CMakeFiles/RP2040.dir/D_/pico/pico-sdk/src/rp2_common/pico_int64_ops/pico_int64_ops_aeabi.S.obj
                0x10005174                __wrap___aeabi_lmul
 *fill*         0x100051a6        0x2 
 .text.__wrap___aeabi_f2d
                0x100051a8       0x14 CMakeFiles/RP2040.dir/D_/pico/pico-sdk/src/rp2_common/pico_float/float_aeabi.S.obj
                0x100051a8                __wrap___aeabi_f2d
 .text.__aeabi_float_init
                0x100051bc       0xfc CMakeFiles/RP2040.dir/D_/pico/pico-sdk/src/rp2_common/pico_float/float_init_rom.c.obj
                0x100051bc                __aeabi_float_init
 .text.float_table_shim_on_use_helper
                0x100052b8       0x34 CMakeFiles/RP2040.dir/D_/pico/pico-sdk/src/rp2_common/pico_float/float_v1_rom_shim.S.obj
                0x100052b8                float_table_shim_on_use_helper
 .text.float2double_shim
                0x100052ec       0x30 CMakeFiles/RP2040.dir/D_/pico/pico-sdk/src/rp2_common/pico_float/float_v1_rom_shim.S.obj
                0x100052ec                float2double_shim
 .text          0x1000531c       0x10 CMakeFiles/RP2040.dir/D_/pico/pico-sdk/src/rp2_common/pico_mem_ops/mem_ops_aeabi.S.obj
                0x1000531c                __aeabi_mem_init
 .text.memset   0x1000532c        0xc CMakeFiles/RP2040.dir/D_/pico/pico-sdk/src/rp2_common/pico_mem_ops/mem_ops_aeabi.S.obj
                0x1000532c                __wrap_memset
 .text.memcpy   0x10005338        0xc CMakeFiles/RP2040.dir/D_/pico/pico-sdk/src/rp2_common/pico_mem_ops/mem_ops_aeabi.S.obj
                0x10005338                __wrap_memcpy
                0x10005338                __wrap___aeabi_memcpy
 .text.stdio_out_chars_crlf
                0x10005344       0x80 CMakeFiles/RP2040.dir/D_/pico/pico-sdk/src/rp2_common/pico_stdio/stdio.c.obj
 .text.stdio_stack_buffer_flush
                0x100053c4       0x44 CMakeFiles/RP2040.dir/D_/pico/pico-sdk/src/rp2_common/pico_stdio/stdio.c.obj
 .text.stdio_buffered_printer
                0x10005408       0x20 CMakeFiles/RP2040.dir/D_/pico/pico-sdk/src/rp2_common/pico_stdio/stdio.c.obj
 .text.stdout_serialize_begin
                0x10005428       0x30 CMakeFiles/RP2040.dir/D_/pico/pico-sdk/src/rp2_common/pico_stdio/stdio.c.obj
                0x10005428                stdout_serialize_begin
 .text.stdout_serialize_end
                0x10005458       0x10 CMakeFiles/RP2040.dir/D_/pico/pico-sdk/src/rp2_common/pico_stdio/stdio.c.obj
                0x10005458                stdout_serialize_end
 .text.stdio_put_string
                0x10005468       0x84 CMakeFiles/RP2040.dir/D_/pico/pico-sdk/src/rp2_common/pico_stdio/stdio.c.obj
 .text.stdio_set_driver_enabled
                0x100054ec       0x38 CMakeFiles/RP2040.dir/D_/pico/pico-sdk/src/rp2_common/pico_stdio/stdio.c.obj
                0x100054ec                stdio_set_driver_enabled
 .text.stdio_flush
                0x10005524       0x20 CMakeFiles/RP2040.dir/D_/pico/pico-sdk/src/rp2_common/pico_stdio/stdio.c.obj
                0x10005524                stdio_flush
 .text.__wrap_puts
                0x10005544       0x1c CMakeFiles/RP2040.dir/D_/pico/pico-sdk/src/rp2_common/pico_stdio/stdio.c.obj
                0x10005544                __wrap_puts
 .text.__wrap_vprintf
                0x10005560       0x44 CMakeFiles/RP2040.dir/D_/pico/pico-sdk/src/rp2_common/pico_stdio/stdio.c.obj
                0x10005560                __wrap_vprintf
 .text.__wrap_printf
                0x100055a4       0x18 CMakeFiles/RP2040.dir/D_/pico/pico-sdk/src/rp2_common/pico_stdio/stdio.c.obj
                0x100055a4                __wrap_printf
 .text.stdio_init_all
                0x100055bc        0xc CMakeFiles/RP2040.dir/D_/pico/pico-sdk/src/rp2_common/pico_stdio/stdio.c.obj
                0x100055bc                stdio_init_all
 .text.stdio_uart_out_chars
                0x100055c8       0x74 CMakeFiles/RP2040.dir/D_/pico/pico-sdk/src/rp2_common/pico_stdio_uart/stdio_uart.c.obj
 .text.stdio_uart_in_chars
                0x1000563c       0x58 CMakeFiles/RP2040.dir/D_/pico/pico-sdk/src/rp2_common/pico_stdio_uart/stdio_uart.c.obj
                0x1000563c                stdio_uart_in_chars
 .text.stdio_uart_init_full
                0x10005694       0x3c CMakeFiles/RP2040.dir/D_/pico/pico-sdk/src/rp2_common/pico_stdio_uart/stdio_uart.c.obj
                0x10005694                stdio_uart_init_full
 .text.stdio_uart_init
                0x100056d0       0x28 CMakeFiles/RP2040.dir/D_/pico/pico-sdk/src/rp2_common/pico_stdio_uart/stdio_uart.c.obj
                0x100056d0                stdio_uart_init
 .text.resetd_init
                0x100056f8        0x2 CMakeFiles/RP2040.dir/D_/pico/pico-sdk/src/rp2_common/pico_stdio_usb/reset_interface.c.obj
 *fill*         0x100056fa        0x2 
 .text.resetd_reset
                0x100056fc        0xc CMakeFiles/RP2040.dir/D_/pico/pico-sdk/src/rp2_common/pico_stdio_usb/reset_interface.c.obj
 .text.resetd_open
                0x10005708       0x34 CMakeFiles/RP2040.dir/D_/pico/pico-sdk/src/rp2_common/pico_stdio_usb/reset_interface.c.obj
 .text.resetd_xfer_cb
                0x1000573c        0x4 CMakeFiles/RP2040.dir/D_/pico/pico-sdk/src/rp2_common/pico_stdio_usb/reset_interface.c.obj
 .text.reset_usb_boot
                0x10005740       0x18 CMakeFiles/RP2040.dir/D_/pico/pico-sdk/src/rp2_common/pico_stdio_usb/reset_interface.c.obj
 .text.resetd_control_xfer_cb
                0x10005758       0x5c CMakeFiles/RP2040.dir/D_/pico/pico-sdk/src/rp2_common/pico_stdio_usb/reset_interface.c.obj
 .text.usbd_app_driver_get_cb
                0x100057b4        0xc CMakeFiles/RP2040.dir/D_/pico/pico-sdk/src/rp2_common/pico_stdio_usb/reset_interface.c.obj
                0x100057b4                usbd_app_driver_get_cb
 .text.tud_cdc_line_coding_cb
                0x100057c0       0x28 CMakeFiles/RP2040.dir/D_/pico/pico-sdk/src/rp2_common/pico_stdio_usb/reset_interface.c.obj
                0x100057c0                tud_cdc_line_coding_cb
 .text.low_priority_worker_irq
                0x100057e8       0x20 CMakeFiles/RP2040.dir/D_/pico/pico-sdk/src/rp2_common/pico_stdio_usb/stdio_usb.c.obj
 .text.stdio_usb_out_chars
                0x10005808       0xd4 CMakeFiles/RP2040.dir/D_/pico/pico-sdk/src/rp2_common/pico_stdio_usb/stdio_usb.c.obj
                0x10005808                stdio_usb_out_chars
 .text.stdio_usb_in_chars
                0x100058dc       0x70 CMakeFiles/RP2040.dir/D_/pico/pico-sdk/src/rp2_common/pico_stdio_usb/stdio_usb.c.obj
                0x100058dc                stdio_usb_in_chars
 .text.timer_task
                0x1000594c       0x10 CMakeFiles/RP2040.dir/D_/pico/pico-sdk/src/rp2_common/pico_stdio_usb/stdio_usb.c.obj
 .text.stdio_usb_init
                0x1000595c       0xb8 CMakeFiles/RP2040.dir/D_/pico/pico-sdk/src/rp2_common/pico_stdio_usb/stdio_usb.c.obj
                0x1000595c                stdio_usb_init
 .text.tud_descriptor_device_cb
                0x10005a14        0x8 CMakeFiles/RP2040.dir/D_/pico/pico-sdk/src/rp2_common/pico_stdio_usb/stdio_usb_descriptors.c.obj
                0x10005a14                tud_descriptor_device_cb
 .text.tud_descriptor_configuration_cb
                0x10005a1c        0x8 CMakeFiles/RP2040.dir/D_/pico/pico-sdk/src/rp2_common/pico_stdio_usb/stdio_usb_descriptors.c.obj
                0x10005a1c                tud_descriptor_configuration_cb
 .text.tud_descriptor_string_cb
                0x10005a24       0x68 CMakeFiles/RP2040.dir/D_/pico/pico-sdk/src/rp2_common/pico_stdio_usb/stdio_usb_descriptors.c.obj
                0x10005a24                tud_descriptor_string_cb
 .text.hw_endpoint_get_by_addr
                0x10005a8c       0x18 CMakeFiles/RP2040.dir/D_/pico/pico-sdk/lib/tinyusb/src/portable/raspberrypi/rp2040/dcd_rp2040.c.obj
 .text.reset_ep0
                0x10005aa4       0x2c CMakeFiles/RP2040.dir/D_/pico/pico-sdk/lib/tinyusb/src/portable/raspberrypi/rp2040/dcd_rp2040.c.obj
 .text._hw_endpoint_alloc
                0x10005ad0       0x80 CMakeFiles/RP2040.dir/D_/pico/pico-sdk/lib/tinyusb/src/portable/raspberrypi/rp2040/dcd_rp2040.c.obj
 .text._hw_endpoint_init
                0x10005b50       0xbc CMakeFiles/RP2040.dir/D_/pico/pico-sdk/lib/tinyusb/src/portable/raspberrypi/rp2040/dcd_rp2040.c.obj
 .text.hw_endpoint_init
                0x10005c0c       0x18 CMakeFiles/RP2040.dir/D_/pico/pico-sdk/lib/tinyusb/src/portable/raspberrypi/rp2040/dcd_rp2040.c.obj
 .text.hw_handle_buff_status
                0x10005c24       0xb4 CMakeFiles/RP2040.dir/D_/pico/pico-sdk/lib/tinyusb/src/portable/raspberrypi/rp2040/dcd_rp2040.c.obj
 .text.dcd_rp2040_irq
                0x10005cd8       0xa8 CMakeFiles/RP2040.dir/D_/pico/pico-sdk/lib/tinyusb/src/portable/raspberrypi/rp2040/dcd_rp2040.c.obj
 .text.hw_endpoint_xfer
                0x10005d80       0x18 CMakeFiles/RP2040.dir/D_/pico/pico-sdk/lib/tinyusb/src/portable/raspberrypi/rp2040/dcd_rp2040.c.obj
 .text.ep0_0len_status
                0x10005d98       0x14 CMakeFiles/RP2040.dir/D_/pico/pico-sdk/lib/tinyusb/src/portable/raspberrypi/rp2040/dcd_rp2040.c.obj
 .text._hw_endpoint_stall
                0x10005dac       0x54 CMakeFiles/RP2040.dir/D_/pico/pico-sdk/lib/tinyusb/src/portable/raspberrypi/rp2040/dcd_rp2040.c.obj
 .text.hw_endpoint_stall
                0x10005e00        0xc CMakeFiles/RP2040.dir/D_/pico/pico-sdk/lib/tinyusb/src/portable/raspberrypi/rp2040/dcd_rp2040.c.obj
 .text._hw_endpoint_clear_stall
                0x10005e0c       0x34 CMakeFiles/RP2040.dir/D_/pico/pico-sdk/lib/tinyusb/src/portable/raspberrypi/rp2040/dcd_rp2040.c.obj
 .text.hw_endpoint_clear_stall
                0x10005e40        0xc CMakeFiles/RP2040.dir/D_/pico/pico-sdk/lib/tinyusb/src/portable/raspberrypi/rp2040/dcd_rp2040.c.obj
 .text.dcd_int_enable
                0x10005e4c       0x2c CMakeFiles/RP2040.dir/D_/pico/pico-sdk/lib/tinyusb/src/portable/raspberrypi/rp2040/dcd_rp2040.c.obj
                0x10005e4c                dcd_int_enable
 .text.dcd_set_address
                0x10005e78       0x28 CMakeFiles/RP2040.dir/D_/pico/pico-sdk/lib/tinyusb/src/portable/raspberrypi/rp2040/dcd_rp2040.c.obj
                0x10005e78                dcd_set_address
 .text.dcd_connect
                0x10005ea0       0x30 CMakeFiles/RP2040.dir/D_/pico/pico-sdk/lib/tinyusb/src/portable/raspberrypi/rp2040/dcd_rp2040.c.obj
                0x10005ea0                dcd_connect
 .text.dcd_init
                0x10005ed0       0x84 CMakeFiles/RP2040.dir/D_/pico/pico-sdk/lib/tinyusb/src/portable/raspberrypi/rp2040/dcd_rp2040.c.obj
                0x10005ed0                dcd_init
 .text.dcd_edpt0_status_complete
                0x10005f54       0x40 CMakeFiles/RP2040.dir/D_/pico/pico-sdk/lib/tinyusb/src/portable/raspberrypi/rp2040/dcd_rp2040.c.obj
                0x10005f54                dcd_edpt0_status_complete
 .text.dcd_edpt_open
                0x10005f94       0x40 CMakeFiles/RP2040.dir/D_/pico/pico-sdk/lib/tinyusb/src/portable/raspberrypi/rp2040/dcd_rp2040.c.obj
                0x10005f94                dcd_edpt_open
 .text.dcd_edpt_xfer
                0x10005fd4       0x34 CMakeFiles/RP2040.dir/D_/pico/pico-sdk/lib/tinyusb/src/portable/raspberrypi/rp2040/dcd_rp2040.c.obj
                0x10005fd4                dcd_edpt_xfer
 .text.dcd_edpt_stall
                0x10006008       0x28 CMakeFiles/RP2040.dir/D_/pico/pico-sdk/lib/tinyusb/src/portable/raspberrypi/rp2040/dcd_rp2040.c.obj
                0x10006008                dcd_edpt_stall
 .text.dcd_edpt_clear_stall
                0x10006030       0x2c CMakeFiles/RP2040.dir/D_/pico/pico-sdk/lib/tinyusb/src/portable/raspberrypi/rp2040/dcd_rp2040.c.obj
                0x10006030                dcd_edpt_clear_stall
 .text.rp2040_usb_init
                0x1000605c       0x50 CMakeFiles/RP2040.dir/D_/pico/pico-sdk/lib/tinyusb/src/portable/raspberrypi/rp2040/rp2040_usb.c.obj
                0x1000605c                rp2040_usb_init
 .text.hw_endpoint_reset_transfer
                0x100060ac       0x10 CMakeFiles/RP2040.dir/D_/pico/pico-sdk/lib/tinyusb/src/portable/raspberrypi/rp2040/rp2040_usb.c.obj
                0x100060ac                hw_endpoint_reset_transfer
 .text._hw_endpoint_buffer_control_update32
                0x100060bc       0x58 CMakeFiles/RP2040.dir/D_/pico/pico-sdk/lib/tinyusb/src/portable/raspberrypi/rp2040/rp2040_usb.c.obj
                0x100060bc                _hw_endpoint_buffer_control_update32
 .text._hw_endpoint_start_next_buffer
                0x10006114       0x50 CMakeFiles/RP2040.dir/D_/pico/pico-sdk/lib/tinyusb/src/portable/raspberrypi/rp2040/rp2040_usb.c.obj
                0x10006114                _hw_endpoint_start_next_buffer
 .text._hw_endpoint_xfer_start
                0x10006164       0x3e CMakeFiles/RP2040.dir/D_/pico/pico-sdk/lib/tinyusb/src/portable/raspberrypi/rp2040/rp2040_usb.c.obj
                0x10006164                _hw_endpoint_xfer_start
 *fill*         0x100061a2        0x2 
 .text._hw_endpoint_xfer_sync
                0x100061a4       0x74 CMakeFiles/RP2040.dir/D_/pico/pico-sdk/lib/tinyusb/src/portable/raspberrypi/rp2040/rp2040_usb.c.obj
                0x100061a4                _hw_endpoint_xfer_sync
 .text._hw_endpoint_xfer_continue
                0x10006218       0x60 CMakeFiles/RP2040.dir/D_/pico/pico-sdk/lib/tinyusb/src/portable/raspberrypi/rp2040/rp2040_usb.c.obj
                0x10006218                _hw_endpoint_xfer_continue
 .text._hw_endpoint_xfer
                0x10006278       0x34 CMakeFiles/RP2040.dir/D_/pico/pico-sdk/lib/tinyusb/src/portable/raspberrypi/rp2040/rp2040_usb.c.obj
                0x10006278                _hw_endpoint_xfer
 .text.mark_interface_endpoint
                0x100062ac       0x2a CMakeFiles/RP2040.dir/D_/pico/pico-sdk/lib/tinyusb/src/device/usbd.c.obj
 *fill*         0x100062d6        0x2 
 .text.usbd_reset
                0x100062d8       0x88 CMakeFiles/RP2040.dir/D_/pico/pico-sdk/lib/tinyusb/src/device/usbd.c.obj
 .text.invoke_class_control
                0x10006360       0x1a CMakeFiles/RP2040.dir/D_/pico/pico-sdk/lib/tinyusb/src/device/usbd.c.obj
 *fill*         0x1000637a        0x2 
 .text.process_set_config
                0x1000637c      0x1d4 CMakeFiles/RP2040.dir/D_/pico/pico-sdk/lib/tinyusb/src/device/usbd.c.obj
 .text.process_get_descriptor
                0x10006550       0xf8 CMakeFiles/RP2040.dir/D_/pico/pico-sdk/lib/tinyusb/src/device/usbd.c.obj
 .text.tud_mounted
                0x10006648       0x10 CMakeFiles/RP2040.dir/D_/pico/pico-sdk/lib/tinyusb/src/device/usbd.c.obj
                0x10006648                tud_mounted
 .text.tud_suspended
                0x10006658       0x10 CMakeFiles/RP2040.dir/D_/pico/pico-sdk/lib/tinyusb/src/device/usbd.c.obj
                0x10006658                tud_suspended
 .text.tud_inited
                0x10006668        0xc CMakeFiles/RP2040.dir/D_/pico/pico-sdk/lib/tinyusb/src/device/usbd.c.obj
                0x10006668                tud_inited
 .text.tud_init
                0x10006674       0xcc CMakeFiles/RP2040.dir/D_/pico/pico-sdk/lib/tinyusb/src/device/usbd.c.obj
                0x10006674                tud_init
 .text.dcd_event_handler
                0x10006740      0x174 CMakeFiles/RP2040.dir/D_/pico/pico-sdk/lib/tinyusb/src/device/usbd.c.obj
                0x10006740                dcd_event_handler
 .text.dcd_event_bus_signal
                0x100068b4       0x26 CMakeFiles/RP2040.dir/D_/pico/pico-sdk/lib/tinyusb/src/device/usbd.c.obj
                0x100068b4                dcd_event_bus_signal
 .text.dcd_event_bus_reset
                0x100068da       0x2a CMakeFiles/RP2040.dir/D_/pico/pico-sdk/lib/tinyusb/src/device/usbd.c.obj
                0x100068da                dcd_event_bus_reset
 .text.dcd_event_setup_received
                0x10006904       0x34 CMakeFiles/RP2040.dir/D_/pico/pico-sdk/lib/tinyusb/src/device/usbd.c.obj
                0x10006904                dcd_event_setup_received
 .text.dcd_event_xfer_complete
                0x10006938       0x44 CMakeFiles/RP2040.dir/D_/pico/pico-sdk/lib/tinyusb/src/device/usbd.c.obj
                0x10006938                dcd_event_xfer_complete
 .text.usbd_edpt_open
                0x1000697c       0xe0 CMakeFiles/RP2040.dir/D_/pico/pico-sdk/lib/tinyusb/src/device/usbd.c.obj
                0x1000697c                usbd_edpt_open
 .text.usbd_open_edpt_pair
                0x10006a5c       0x8c CMakeFiles/RP2040.dir/D_/pico/pico-sdk/lib/tinyusb/src/device/usbd.c.obj
                0x10006a5c                usbd_open_edpt_pair
 .text.usbd_edpt_claim
                0x10006ae8       0x8c CMakeFiles/RP2040.dir/D_/pico/pico-sdk/lib/tinyusb/src/device/usbd.c.obj
                0x10006ae8                usbd_edpt_claim
 .text.usbd_edpt_release
                0x10006b74       0x68 CMakeFiles/RP2040.dir/D_/pico/pico-sdk/lib/tinyusb/src/device/usbd.c.obj
                0x10006b74                usbd_edpt_release
 .text.usbd_edpt_xfer
                0x10006bdc       0x80 CMakeFiles/RP2040.dir/D_/pico/pico-sdk/lib/tinyusb/src/device/usbd.c.obj
                0x10006bdc                usbd_edpt_xfer
 .text.usbd_edpt_stall
                0x10006c5c       0x2c CMakeFiles/RP2040.dir/D_/pico/pico-sdk/lib/tinyusb/src/device/usbd.c.obj
                0x10006c5c                usbd_edpt_stall
 .text.usbd_edpt_clear_stall
                0x10006c88       0x2c CMakeFiles/RP2040.dir/D_/pico/pico-sdk/lib/tinyusb/src/device/usbd.c.obj
                0x10006c88                usbd_edpt_clear_stall
 .text.usbd_edpt_stalled
                0x10006cb4       0x1c CMakeFiles/RP2040.dir/D_/pico/pico-sdk/lib/tinyusb/src/device/usbd.c.obj
                0x10006cb4                usbd_edpt_stalled
 .text.process_control_request
                0x10006cd0      0x380 CMakeFiles/RP2040.dir/D_/pico/pico-sdk/lib/tinyusb/src/device/usbd.c.obj
 .text.tud_task
                0x10007050      0x204 CMakeFiles/RP2040.dir/D_/pico/pico-sdk/lib/tinyusb/src/device/usbd.c.obj
                0x10007050                tud_task
 .text._data_stage_xact
                0x10007254       0x58 CMakeFiles/RP2040.dir/D_/pico/pico-sdk/lib/tinyusb/src/device/usbd_control.c.obj
 .text.tud_control_status
                0x100072ac       0x38 CMakeFiles/RP2040.dir/D_/pico/pico-sdk/lib/tinyusb/src/device/usbd_control.c.obj
                0x100072ac                tud_control_status
 .text.tud_control_xfer
                0x100072e4       0xa8 CMakeFiles/RP2040.dir/D_/pico/pico-sdk/lib/tinyusb/src/device/usbd_control.c.obj
                0x100072e4                tud_control_xfer
 .text.usbd_control_reset
                0x1000738c       0x14 CMakeFiles/RP2040.dir/D_/pico/pico-sdk/lib/tinyusb/src/device/usbd_control.c.obj
                0x1000738c                usbd_control_reset
 .text.usbd_control_set_complete_callback
                0x100073a0        0xc CMakeFiles/RP2040.dir/D_/pico/pico-sdk/lib/tinyusb/src/device/usbd_control.c.obj
                0x100073a0                usbd_control_set_complete_callback
 .text.usbd_control_set_request
                0x100073ac       0x1c CMakeFiles/RP2040.dir/D_/pico/pico-sdk/lib/tinyusb/src/device/usbd_control.c.obj
                0x100073ac                usbd_control_set_request
 .text.usbd_control_xfer_cb
                0x100073c8       0xfc CMakeFiles/RP2040.dir/D_/pico/pico-sdk/lib/tinyusb/src/device/usbd_control.c.obj
                0x100073c8                usbd_control_xfer_cb
 .text._prep_out_transaction
                0x100074c4       0x46 CMakeFiles/RP2040.dir/D_/pico/pico-sdk/lib/tinyusb/src/class/cdc/cdc_device.c.obj
 *fill*         0x1000750a        0x2 
 .text.tud_cdc_n_connected
                0x1000750c       0x44 CMakeFiles/RP2040.dir/D_/pico/pico-sdk/lib/tinyusb/src/class/cdc/cdc_device.c.obj
                0x1000750c                tud_cdc_n_connected
 .text.tud_cdc_n_available
                0x10007550       0x18 CMakeFiles/RP2040.dir/D_/pico/pico-sdk/lib/tinyusb/src/class/cdc/cdc_device.c.obj
                0x10007550                tud_cdc_n_available
 .text.tud_cdc_n_read
                0x10007568       0x28 CMakeFiles/RP2040.dir/D_/pico/pico-sdk/lib/tinyusb/src/class/cdc/cdc_device.c.obj
                0x10007568                tud_cdc_n_read
 .text.tud_cdc_n_write_flush
                0x10007590       0xcc CMakeFiles/RP2040.dir/D_/pico/pico-sdk/lib/tinyusb/src/class/cdc/cdc_device.c.obj
                0x10007590                tud_cdc_n_write_flush
 .text.tud_cdc_n_write
                0x1000765c       0x38 CMakeFiles/RP2040.dir/D_/pico/pico-sdk/lib/tinyusb/src/class/cdc/cdc_device.c.obj
                0x1000765c                tud_cdc_n_write
 .text.tud_cdc_n_write_available
                0x10007694       0x1c CMakeFiles/RP2040.dir/D_/pico/pico-sdk/lib/tinyusb/src/class/cdc/cdc_device.c.obj
                0x10007694                tud_cdc_n_write_available
 .text.cdcd_init
                0x100076b0       0xbc CMakeFiles/RP2040.dir/D_/pico/pico-sdk/lib/tinyusb/src/class/cdc/cdc_device.c.obj
                0x100076b0                cdcd_init
 .text.cdcd_reset
                0x1000776c       0x44 CMakeFiles/RP2040.dir/D_/pico/pico-sdk/lib/tinyusb/src/class/cdc/cdc_device.c.obj
                0x1000776c                cdcd_reset
 .text.cdcd_open
                0x100077b0      0x10c CMakeFiles/RP2040.dir/D_/pico/pico-sdk/lib/tinyusb/src/class/cdc/cdc_device.c.obj
                0x100077b0                cdcd_open
 .text.cdcd_control_xfer_cb
                0x100078bc      0x134 CMakeFiles/RP2040.dir/D_/pico/pico-sdk/lib/tinyusb/src/class/cdc/cdc_device.c.obj
                0x100078bc                cdcd_control_xfer_cb
 .text.cdcd_xfer_cb
                0x100079f0      0x144 CMakeFiles/RP2040.dir/D_/pico/pico-sdk/lib/tinyusb/src/class/cdc/cdc_device.c.obj
                0x100079f0                cdcd_xfer_cb
 .text.tusb_init
                0x10007b34       0x24 CMakeFiles/RP2040.dir/D_/pico/pico-sdk/lib/tinyusb/src/tusb.c.obj
                0x10007b34                tusb_init
 .text.tusb_inited
                0x10007b58        0xe CMakeFiles/RP2040.dir/D_/pico/pico-sdk/lib/tinyusb/src/tusb.c.obj
                0x10007b58                tusb_inited
 .text.advance_pointer
                0x10007b66       0x1e CMakeFiles/RP2040.dir/D_/pico/pico-sdk/lib/tinyusb/src/common/tusb_fifo.c.obj
 .text.backward_pointer
                0x10007b84       0x1a CMakeFiles/RP2040.dir/D_/pico/pico-sdk/lib/tinyusb/src/common/tusb_fifo.c.obj
 .text.get_relative_pointer
                0x10007b9e       0x10 CMakeFiles/RP2040.dir/D_/pico/pico-sdk/lib/tinyusb/src/common/tusb_fifo.c.obj
 .text._tu_fifo_peek
                0x10007bae       0x50 CMakeFiles/RP2040.dir/D_/pico/pico-sdk/lib/tinyusb/src/common/tusb_fifo.c.obj
 .text._ff_pull_const_addr
                0x10007bfe       0x4c CMakeFiles/RP2040.dir/D_/pico/pico-sdk/lib/tinyusb/src/common/tusb_fifo.c.obj
 .text._ff_pull_n
                0x10007c4a      0x10c CMakeFiles/RP2040.dir/D_/pico/pico-sdk/lib/tinyusb/src/common/tusb_fifo.c.obj
 .text._tu_fifo_peek_n
                0x10007d56       0x5e CMakeFiles/RP2040.dir/D_/pico/pico-sdk/lib/tinyusb/src/common/tusb_fifo.c.obj
 .text._tu_fifo_read_n
                0x10007db4       0x4e CMakeFiles/RP2040.dir/D_/pico/pico-sdk/lib/tinyusb/src/common/tusb_fifo.c.obj
 .text._ff_push_const_addr
                0x10007e02       0x40 CMakeFiles/RP2040.dir/D_/pico/pico-sdk/lib/tinyusb/src/common/tusb_fifo.c.obj
 .text._ff_push_n
                0x10007e42      0x108 CMakeFiles/RP2040.dir/D_/pico/pico-sdk/lib/tinyusb/src/common/tusb_fifo.c.obj
 .text._tu_fifo_write_n
                0x10007f4a       0x9e CMakeFiles/RP2040.dir/D_/pico/pico-sdk/lib/tinyusb/src/common/tusb_fifo.c.obj
 .text.tu_fifo_config
                0x10007fe8       0x72 CMakeFiles/RP2040.dir/D_/pico/pico-sdk/lib/tinyusb/src/common/tusb_fifo.c.obj
                0x10007fe8                tu_fifo_config
 .text.tu_fifo_count
                0x1000805a       0x26 CMakeFiles/RP2040.dir/D_/pico/pico-sdk/lib/tinyusb/src/common/tusb_fifo.c.obj
                0x1000805a                tu_fifo_count
 .text.tu_fifo_empty
                0x10008080       0x10 CMakeFiles/RP2040.dir/D_/pico/pico-sdk/lib/tinyusb/src/common/tusb_fifo.c.obj
                0x10008080                tu_fifo_empty
 .text.tu_fifo_remaining
                0x10008090       0x20 CMakeFiles/RP2040.dir/D_/pico/pico-sdk/lib/tinyusb/src/common/tusb_fifo.c.obj
                0x10008090                tu_fifo_remaining
 .text.tu_fifo_read
                0x100080b0       0x42 CMakeFiles/RP2040.dir/D_/pico/pico-sdk/lib/tinyusb/src/common/tusb_fifo.c.obj
                0x100080b0                tu_fifo_read
 .text.tu_fifo_read_n
                0x100080f2        0xa CMakeFiles/RP2040.dir/D_/pico/pico-sdk/lib/tinyusb/src/common/tusb_fifo.c.obj
                0x100080f2                tu_fifo_read_n
 .text.tu_fifo_write
                0x100080fc       0x6c CMakeFiles/RP2040.dir/D_/pico/pico-sdk/lib/tinyusb/src/common/tusb_fifo.c.obj
                0x100080fc                tu_fifo_write
 .text.tu_fifo_write_n
                0x10008168        0xa CMakeFiles/RP2040.dir/D_/pico/pico-sdk/lib/tinyusb/src/common/tusb_fifo.c.obj
                0x10008168                tu_fifo_write_n
 .text.tu_fifo_clear
                0x10008172       0x4c CMakeFiles/RP2040.dir/D_/pico/pico-sdk/lib/tinyusb/src/common/tusb_fifo.c.obj
                0x10008172                tu_fifo_clear
 .text.tu_fifo_set_overwritable
                0x100081be       0x3c CMakeFiles/RP2040.dir/D_/pico/pico-sdk/lib/tinyusb/src/common/tusb_fifo.c.obj
                0x100081be                tu_fifo_set_overwritable
 *fill*         0x100081fa        0x2 
 .text._retrieve_unique_id_on_boot
                0x100081fc       0x10 CMakeFiles/RP2040.dir/D_/pico/pico-sdk/src/rp2_common/pico_unique_id/unique_id.c.obj
 .text.pico_get_unique_board_id_string
                0x1000820c       0x60 CMakeFiles/RP2040.dir/D_/pico/pico-sdk/src/rp2_common/pico_unique_id/unique_id.c.obj
                0x1000820c                pico_get_unique_board_id_string
 .text.flash_get_unique_id
                0x1000826c       0x46 CMakeFiles/RP2040.dir/D_/pico/pico-sdk/src/rp2_common/hardware_flash/flash.c.obj
                0x1000826c                flash_get_unique_id
 *fill*         0x100082b2        0x2 
 .text.strlen   0x100082b4       0x5c c:/programs/gnuarm~1/102020~1/bin/../lib/gcc/arm-none-eabi/10.2.1/../../../../arm-none-eabi/lib/thumb/v6-m/nofp\libg.a(lib_a-strlen-stub.o)
                0x100082b4                strlen
 *(.fini)
 .fini          0x10008310        0x4 c:/programs/gnuarm~1/102020~1/bin/../lib/gcc/arm-none-eabi/10.2.1/thumb/v6-m/nofp/crti.o
                0x10008310                _fini
 *fill*         0x10008314        0x4 
 .fini.__stub   0x10008318       0x70 linker stubs
 *crtbegin.o(.ctors)
 *crtbegin?.o(.ctors)
 *(EXCLUDE_FILE(*crtend.o *crtend?.o) .ctors)
 *(SORT_BY_NAME(.ctors.*))
 *(.ctors)
 *crtbegin.o(.dtors)
 *crtbegin?.o(.dtors)
 *(EXCLUDE_FILE(*crtend.o *crtend?.o) .dtors)
 *(SORT_BY_NAME(.dtors.*))
 *(.dtors)
 *(.eh_frame*)
 .eh_frame      0x10008388        0x0 c:/programs/gnuarm~1/102020~1/bin/../lib/gcc/arm-none-eabi/10.2.1/thumb/v6-m/nofp/crtbegin.o
                0x10008388                . = ALIGN (0x4)

.glue_7         0x10008388        0x0
 .glue_7        0x10008388        0x0 linker stubs

.glue_7t        0x10008388        0x0
 .glue_7t       0x10008388        0x0 linker stubs

.vfp11_veneer   0x10008388        0x0
 .vfp11_veneer  0x10008388        0x0 linker stubs

.v4_bx          0x10008388        0x0
 .v4_bx         0x10008388        0x0 linker stubs

.iplt           0x10008388        0x0
 .iplt          0x10008388        0x0 c:/programs/gnuarm~1/102020~1/bin/../lib/gcc/arm-none-eabi/10.2.1/thumb/v6-m/nofp/crtbegin.o

.rodata         0x10008388     0x16a0
 *(EXCLUDE_FILE(*libm.a: *libc.a:*lib_a-mem*.o *libgcc.a:) .rodata*)
 .rodata.Task_USB_Process.str1.4
                0x10008388        0x3 CMakeFiles/RP2040.dir/task_usb.c.obj
 *fill*         0x1000838b        0x1 
 .rodata.Task_USB_Process
                0x1000838c       0xc8 CMakeFiles/RP2040.dir/task_usb.c.obj
 .rodata.spin_lock_claim_unused.str1.4
                0x10008454       0x1b CMakeFiles/RP2040.dir/D_/pico/pico-sdk/src/rp2_common/hardware_sync/sync.c.obj
 *fill*         0x1000846f        0x1 
 .rodata.repeating_timer_callback.str1.4
                0x10008470       0x41 CMakeFiles/RP2040.dir/D_/pico/pico-sdk/src/common/pico_time/time.c.obj
 *fill*         0x100084b1        0x3 
 .rodata.alarm_pool_dump_key.str1.4
                0x100084b4       0x33 CMakeFiles/RP2040.dir/D_/pico/pico-sdk/src/common/pico_time/time.c.obj
 *fill*         0x100084e7        0x1 
 .rodata.ph_add_child_node.str1.4
                0x100084e8       0x8a CMakeFiles/RP2040.dir/D_/pico/pico-sdk/src/common/pico_time/time.c.obj
 *fill*         0x10008572        0x2 
 .rodata.add_alarm_under_lock.str1.4
                0x10008574       0x28 CMakeFiles/RP2040.dir/D_/pico/pico-sdk/src/common/pico_time/time.c.obj
                                 0x2b (size before relaxing)
 .rodata.alarm_pool_alarm_callback.str1.4
                0x1000859c       0xda CMakeFiles/RP2040.dir/D_/pico/pico-sdk/src/common/pico_time/time.c.obj
 *fill*         0x10008676        0x2 
 .rodata.alarm_pool_get_default.str1.4
                0x10008678       0x21 CMakeFiles/RP2040.dir/D_/pico/pico-sdk/src/common/pico_time/time.c.obj
 *fill*         0x10008699        0x3 
 .rodata.alarm_pool_cancel_alarm.str1.4
                0x1000869c       0x27 CMakeFiles/RP2040.dir/D_/pico/pico-sdk/src/common/pico_time/time.c.obj
 *fill*         0x100086c3        0x1 
 .rodata.sleep_until.str1.4
                0x100086c4       0x4d CMakeFiles/RP2040.dir/D_/pico/pico-sdk/src/common/pico_time/time.c.obj
 *fill*         0x10008711        0x3 
 .rodata.__func__.1
                0x10008714       0x18 CMakeFiles/RP2040.dir/D_/pico/pico-sdk/src/common/pico_time/time.c.obj
 .rodata.__func__.10
                0x1000872c       0x15 CMakeFiles/RP2040.dir/D_/pico/pico-sdk/src/common/pico_time/time.c.obj
 *fill*         0x10008741        0x3 
 .rodata.__func__.11
                0x10008744       0x1a CMakeFiles/RP2040.dir/D_/pico/pico-sdk/src/common/pico_time/time.c.obj
 *fill*         0x1000875e        0x2 
 .rodata.__func__.12
                0x10008760        0xa CMakeFiles/RP2040.dir/D_/pico/pico-sdk/src/common/pico_time/time.c.obj
 *fill*         0x1000876a        0x2 
 .rodata.__func__.3
                0x1000876c       0x17 CMakeFiles/RP2040.dir/D_/pico/pico-sdk/src/common/pico_time/time.c.obj
 *fill*         0x10008783        0x1 
 .rodata.__func__.4
                0x10008784       0x12 CMakeFiles/RP2040.dir/D_/pico/pico-sdk/src/common/pico_time/time.c.obj
 *fill*         0x10008796        0x2 
 .rodata.__func__.5
                0x10008798        0xd CMakeFiles/RP2040.dir/D_/pico/pico-sdk/src/common/pico_time/time.c.obj
 *fill*         0x100087a5        0x3 
 .rodata.__func__.6
                0x100087a8       0x12 CMakeFiles/RP2040.dir/D_/pico/pico-sdk/src/common/pico_time/time.c.obj
 *fill*         0x100087ba        0x2 
 .rodata.__func__.7
                0x100087bc        0xf CMakeFiles/RP2040.dir/D_/pico/pico-sdk/src/common/pico_time/time.c.obj
 *fill*         0x100087cb        0x1 
 .rodata.__func__.8
                0x100087cc        0xc CMakeFiles/RP2040.dir/D_/pico/pico-sdk/src/common/pico_time/time.c.obj
 .rodata.__func__.9
                0x100087d8       0x15 CMakeFiles/RP2040.dir/D_/pico/pico-sdk/src/common/pico_time/time.c.obj
 *fill*         0x100087ed        0x3 
 .rodata.hardware_alarm_claim.str1.4
                0x100087f0       0x22 CMakeFiles/RP2040.dir/D_/pico/pico-sdk/src/rp2_common/hardware_timer/timer.c.obj
 *fill*         0x10008812        0x2 
 .rodata.hardware_alarm_set_target.str1.4
                0x10008814       0x5b CMakeFiles/RP2040.dir/D_/pico/pico-sdk/src/rp2_common/hardware_timer/timer.c.obj
 *fill*         0x1000886f        0x1 
 .rodata.__func__.0
                0x10008870       0x1a CMakeFiles/RP2040.dir/D_/pico/pico-sdk/src/rp2_common/hardware_timer/timer.c.obj
 *fill*         0x1000888a        0x2 
 .rodata.str1.4
                0x1000888c       0xa9 CMakeFiles/RP2040.dir/D_/pico/pico-sdk/src/common/pico_sync/mutex.c.obj
                                0x101 (size before relaxing)
 *fill*         0x10008935        0x3 
 .rodata.__func__.0
                0x10008938        0xb CMakeFiles/RP2040.dir/D_/pico/pico-sdk/src/common/pico_sync/mutex.c.obj
 *fill*         0x10008943        0x1 
 .rodata.__func__.1
                0x10008944       0x18 CMakeFiles/RP2040.dir/D_/pico/pico-sdk/src/common/pico_sync/mutex.c.obj
 .rodata.__func__.2
                0x1000895c       0x15 CMakeFiles/RP2040.dir/D_/pico/pico-sdk/src/common/pico_sync/mutex.c.obj
 *fill*         0x10008971        0x3 
 .rodata.__func__.3
                0x10008974       0x15 CMakeFiles/RP2040.dir/D_/pico/pico-sdk/src/common/pico_sync/mutex.c.obj
 .rodata.ph_add_child_node.str1.4
                0x10008989       0x8a CMakeFiles/RP2040.dir/D_/pico/pico-sdk/src/common/pico_util/pheap.c.obj
 *fill*         0x10008989        0x3 
 .rodata.ph_remove_any_head.str1.4
                0x1000898c       0x84 CMakeFiles/RP2040.dir/D_/pico/pico-sdk/src/common/pico_util/pheap.c.obj
 .rodata.ph_remove_and_free_node.str1.4
                0x10008a10       0x26 CMakeFiles/RP2040.dir/D_/pico/pico-sdk/src/common/pico_util/pheap.c.obj
 *fill*         0x10008a36        0x2 
 .rodata.__func__.0
                0x10008a38       0x18 CMakeFiles/RP2040.dir/D_/pico/pico-sdk/src/common/pico_util/pheap.c.obj
 .rodata.__func__.1
                0x10008a50       0x13 CMakeFiles/RP2040.dir/D_/pico/pico-sdk/src/common/pico_util/pheap.c.obj
 *fill*         0x10008a63        0x1 
 .rodata.__func__.2
                0x10008a64       0x12 CMakeFiles/RP2040.dir/D_/pico/pico-sdk/src/common/pico_util/pheap.c.obj
 *fill*         0x10008a76        0x2 
 .rodata.__func__.3
                0x10008a78        0xc CMakeFiles/RP2040.dir/D_/pico/pico-sdk/src/common/pico_util/pheap.c.obj
 .rodata.__assert_func.str1.4
                0x10008a84       0x3f CMakeFiles/RP2040.dir/D_/pico/pico-sdk/src/rp2_common/pico_runtime/runtime.c.obj
                                 0x43 (size before relaxing)
 *fill*         0x10008ac3        0x1 
 .rodata.panic.str1.4
                0x10008ac4       0x12 CMakeFiles/RP2040.dir/D_/pico/pico-sdk/src/rp2_common/pico_runtime/runtime.c.obj
 *fill*         0x10008ad6        0x2 
 .rodata.clock_configure.str1.4
                0x10008ad8       0x4d CMakeFiles/RP2040.dir/D_/pico/pico-sdk/src/rp2_common/hardware_clocks/clocks.c.obj
 *fill*         0x10008b25        0x3 
 .rodata.__func__.1
                0x10008b28       0x10 CMakeFiles/RP2040.dir/D_/pico/pico-sdk/src/rp2_common/hardware_clocks/clocks.c.obj
 .rodata.make_branch.str1.4
                0x10008b38       0x43 CMakeFiles/RP2040.dir/D_/pico/pico-sdk/src/rp2_common/hardware_irq/irq.c.obj
 *fill*         0x10008b7b        0x1 
 .rodata.irq_set_exclusive_handler.str1.4
                0x10008b7c       0x36 CMakeFiles/RP2040.dir/D_/pico/pico-sdk/src/rp2_common/hardware_irq/irq.c.obj
 *fill*         0x10008bb2        0x2 
 .rodata.irq_add_shared_handler.str1.4
                0x10008bb4       0xd9 CMakeFiles/RP2040.dir/D_/pico/pico-sdk/src/rp2_common/hardware_irq/irq.c.obj
 *fill*         0x10008c8d        0x3 
 .rodata.irq_remove_handler.str1.4
                0x10008c90       0x2a CMakeFiles/RP2040.dir/D_/pico/pico-sdk/src/rp2_common/hardware_irq/irq.c.obj
 *fill*         0x10008cba        0x2 
 .rodata.irq_add_tail_to_free_list.str1.4
                0x10008cbc       0x32 CMakeFiles/RP2040.dir/D_/pico/pico-sdk/src/rp2_common/hardware_irq/irq.c.obj
                                 0x3a (size before relaxing)
 *fill*         0x10008cee        0x2 
 .rodata.__func__.0
                0x10008cf0       0x1a CMakeFiles/RP2040.dir/D_/pico/pico-sdk/src/rp2_common/hardware_irq/irq.c.obj
 *fill*         0x10008d0a        0x2 
 .rodata.__func__.1
                0x10008d0c       0x17 CMakeFiles/RP2040.dir/D_/pico/pico-sdk/src/rp2_common/hardware_irq/irq.c.obj
 *fill*         0x10008d23        0x1 
 .rodata.__func__.2
                0x10008d24       0x13 CMakeFiles/RP2040.dir/D_/pico/pico-sdk/src/rp2_common/hardware_irq/irq.c.obj
 *fill*         0x10008d37        0x1 
 .rodata.__func__.3
                0x10008d38        0xc CMakeFiles/RP2040.dir/D_/pico/pico-sdk/src/rp2_common/hardware_irq/irq.c.obj
 .rodata.__func__.4
                0x10008d44        0xf CMakeFiles/RP2040.dir/D_/pico/pico-sdk/src/rp2_common/hardware_irq/irq.c.obj
 *fill*         0x10008d53        0x1 
 .rodata.__func__.6
                0x10008d54       0x1a CMakeFiles/RP2040.dir/D_/pico/pico-sdk/src/rp2_common/hardware_irq/irq.c.obj
 *fill*         0x10008d6e        0x2 
 .rodata.pll_init.str1.4
                0x10008d70       0xcf CMakeFiles/RP2040.dir/D_/pico/pico-sdk/src/rp2_common/hardware_pll/pll.c.obj
 *fill*         0x10008e3f        0x1 
 .rodata.__func__.0
                0x10008e40        0x9 CMakeFiles/RP2040.dir/D_/pico/pico-sdk/src/rp2_common/hardware_pll/pll.c.obj
 *fill*         0x10008e49        0x3 
 .rodata._ftoa.str1.4
                0x10008e4c       0x15 CMakeFiles/RP2040.dir/D_/pico/pico-sdk/src/rp2_common/pico_printf/printf.c.obj
 *fill*         0x10008e61        0x3 
 .rodata._vsnprintf
                0x10008e64      0x1e0 CMakeFiles/RP2040.dir/D_/pico/pico-sdk/src/rp2_common/pico_printf/printf.c.obj
 *fill*         0x10009044        0x4 
 .rodata.pow10.0
                0x10009048       0x50 CMakeFiles/RP2040.dir/D_/pico/pico-sdk/src/rp2_common/pico_printf/printf.c.obj
 .rodata.__aeabi_double_init.str1.4
                0x10009098       0x9e CMakeFiles/RP2040.dir/D_/pico/pico-sdk/src/rp2_common/pico_double/double_init_rom.c.obj
 *fill*         0x10009136        0x2 
 .rodata.__func__.0
                0x10009138       0x14 CMakeFiles/RP2040.dir/D_/pico/pico-sdk/src/rp2_common/pico_double/double_init_rom.c.obj
 .rodata.__aeabi_float_init.str1.4
                0x1000914c       0x70 CMakeFiles/RP2040.dir/D_/pico/pico-sdk/src/rp2_common/pico_float/float_init_rom.c.obj
                                 0x74 (size before relaxing)
 .rodata.__func__.0
                0x100091bc       0x13 CMakeFiles/RP2040.dir/D_/pico/pico-sdk/src/rp2_common/pico_float/float_init_rom.c.obj
 *fill*         0x100091cf        0x1 
 .rodata.str1.4
                0x100091d0       0x40 CMakeFiles/RP2040.dir/D_/pico/pico-sdk/src/rp2_common/pico_standard_link/binary_info.c.obj
 .rodata.__bi_44
                0x10009210        0xc CMakeFiles/RP2040.dir/D_/pico/pico-sdk/src/rp2_common/pico_standard_link/binary_info.c.obj
 .rodata.__bi_56
                0x1000921c        0xc CMakeFiles/RP2040.dir/D_/pico/pico-sdk/src/rp2_common/pico_standard_link/binary_info.c.obj
 .rodata.__bi_75
                0x10009228        0xc CMakeFiles/RP2040.dir/D_/pico/pico-sdk/src/rp2_common/pico_standard_link/binary_info.c.obj
 .rodata.__bi_81
                0x10009234        0xc CMakeFiles/RP2040.dir/D_/pico/pico-sdk/src/rp2_common/pico_standard_link/binary_info.c.obj
 .rodata.crlf_str.3
                0x10009240        0x2 CMakeFiles/RP2040.dir/D_/pico/pico-sdk/src/rp2_common/pico_stdio/stdio.c.obj
 *fill*         0x10009242        0x2 
 .rodata.str1.4
                0x10009244       0x2c CMakeFiles/RP2040.dir/D_/pico/pico-sdk/src/rp2_common/pico_stdio_uart/stdio_uart.c.obj
 .rodata.__bi_28.4
                0x10009270        0xc CMakeFiles/RP2040.dir/D_/pico/pico-sdk/src/rp2_common/pico_stdio_uart/stdio_uart.c.obj
 .rodata.__bi_29.5
                0x1000927c        0x8 CMakeFiles/RP2040.dir/D_/pico/pico-sdk/src/rp2_common/pico_stdio_uart/stdio_uart.c.obj
 .rodata._resetd_driver
                0x10009284       0x18 CMakeFiles/RP2040.dir/D_/pico/pico-sdk/src/rp2_common/pico_stdio_usb/reset_interface.c.obj
 .rodata.stdio_usb_init.str1.4
                0x1000929c       0x57 CMakeFiles/RP2040.dir/D_/pico/pico-sdk/src/rp2_common/pico_stdio_usb/stdio_usb.c.obj
 .rodata.str1.4
                0x1000929c       0x13 CMakeFiles/RP2040.dir/D_/pico/pico-sdk/src/rp2_common/pico_stdio_usb/stdio_usb.c.obj
 *fill*         0x100092af        0x1 
 .rodata.__bi_93.1
                0x100092b0        0xc CMakeFiles/RP2040.dir/D_/pico/pico-sdk/src/rp2_common/pico_stdio_usb/stdio_usb.c.obj
 .rodata.__func__.0
                0x100092bc       0x15 CMakeFiles/RP2040.dir/D_/pico/pico-sdk/src/rp2_common/pico_stdio_usb/stdio_usb.c.obj
 *fill*         0x100092d1        0x3 
 .rodata.str1.4
                0x100092d4       0x2a CMakeFiles/RP2040.dir/D_/pico/pico-sdk/src/rp2_common/pico_stdio_usb/stdio_usb_descriptors.c.obj
 *fill*         0x100092fe        0x2 
 .rodata.usbd_desc_cfg
                0x10009300       0x54 CMakeFiles/RP2040.dir/D_/pico/pico-sdk/src/rp2_common/pico_stdio_usb/stdio_usb_descriptors.c.obj
 .rodata.usbd_desc_device
                0x10009354       0x12 CMakeFiles/RP2040.dir/D_/pico/pico-sdk/src/rp2_common/pico_stdio_usb/stdio_usb_descriptors.c.obj
 *fill*         0x10009366        0x2 
 .rodata.usbd_desc_str
                0x10009368       0x18 CMakeFiles/RP2040.dir/D_/pico/pico-sdk/src/rp2_common/pico_stdio_usb/stdio_usb_descriptors.c.obj
 .rodata._hw_endpoint_alloc.str1.4
                0x10009380       0xad CMakeFiles/RP2040.dir/D_/pico/pico-sdk/lib/tinyusb/src/portable/raspberrypi/rp2040/dcd_rp2040.c.obj
 *fill*         0x1000942d        0x3 
 .rodata._hw_endpoint_init.str1.4
                0x10009430       0x28 CMakeFiles/RP2040.dir/D_/pico/pico-sdk/lib/tinyusb/src/portable/raspberrypi/rp2040/dcd_rp2040.c.obj
 .rodata.hw_handle_buff_status.str1.4
                0x10009458        0xb CMakeFiles/RP2040.dir/D_/pico/pico-sdk/lib/tinyusb/src/portable/raspberrypi/rp2040/dcd_rp2040.c.obj
 *fill*         0x10009463        0x1 
 .rodata.dcd_rp2040_irq.str1.4
                0x10009464       0x14 CMakeFiles/RP2040.dir/D_/pico/pico-sdk/lib/tinyusb/src/portable/raspberrypi/rp2040/dcd_rp2040.c.obj
 .rodata._hw_endpoint_stall.str1.4
                0x10009478        0xd CMakeFiles/RP2040.dir/D_/pico/pico-sdk/lib/tinyusb/src/portable/raspberrypi/rp2040/dcd_rp2040.c.obj
 *fill*         0x10009485        0x3 
 .rodata.dcd_int_enable.str1.4
                0x10009488        0xc CMakeFiles/RP2040.dir/D_/pico/pico-sdk/lib/tinyusb/src/portable/raspberrypi/rp2040/dcd_rp2040.c.obj
 .rodata.__func__.0
                0x10009494       0x15 CMakeFiles/RP2040.dir/D_/pico/pico-sdk/lib/tinyusb/src/portable/raspberrypi/rp2040/dcd_rp2040.c.obj
 *fill*         0x100094a9        0x3 
 .rodata.__func__.1
                0x100094ac       0x13 CMakeFiles/RP2040.dir/D_/pico/pico-sdk/lib/tinyusb/src/portable/raspberrypi/rp2040/dcd_rp2040.c.obj
 *fill*         0x100094bf        0x1 
 .rodata.__func__.11
                0x100094c0        0xf CMakeFiles/RP2040.dir/D_/pico/pico-sdk/lib/tinyusb/src/portable/raspberrypi/rp2040/dcd_rp2040.c.obj
 *fill*         0x100094cf        0x1 
 .rodata.__func__.12
                0x100094d0       0x13 CMakeFiles/RP2040.dir/D_/pico/pico-sdk/lib/tinyusb/src/portable/raspberrypi/rp2040/dcd_rp2040.c.obj
 *fill*         0x100094e3        0x1 
 .rodata.__func__.13
                0x100094e4       0x16 CMakeFiles/RP2040.dir/D_/pico/pico-sdk/lib/tinyusb/src/portable/raspberrypi/rp2040/dcd_rp2040.c.obj
 *fill*         0x100094fa        0x2 
 .rodata.__func__.14
                0x100094fc        0x9 CMakeFiles/RP2040.dir/D_/pico/pico-sdk/lib/tinyusb/src/portable/raspberrypi/rp2040/dcd_rp2040.c.obj
 *fill*         0x10009505        0x3 
 .rodata.__func__.2
                0x10009508        0xf CMakeFiles/RP2040.dir/D_/pico/pico-sdk/lib/tinyusb/src/portable/raspberrypi/rp2040/dcd_rp2040.c.obj
 *fill*         0x10009517        0x1 
 .rodata.__func__.3
                0x10009518        0xe CMakeFiles/RP2040.dir/D_/pico/pico-sdk/lib/tinyusb/src/portable/raspberrypi/rp2040/dcd_rp2040.c.obj
 *fill*         0x10009526        0x2 
 .rodata.__func__.4
                0x10009528        0xe CMakeFiles/RP2040.dir/D_/pico/pico-sdk/lib/tinyusb/src/portable/raspberrypi/rp2040/dcd_rp2040.c.obj
 *fill*         0x10009536        0x2 
 .rodata.__func__.5
                0x10009538       0x1a CMakeFiles/RP2040.dir/D_/pico/pico-sdk/lib/tinyusb/src/portable/raspberrypi/rp2040/dcd_rp2040.c.obj
 *fill*         0x10009552        0x2 
 .rodata.__func__.6
                0x10009554        0xc CMakeFiles/RP2040.dir/D_/pico/pico-sdk/lib/tinyusb/src/portable/raspberrypi/rp2040/dcd_rp2040.c.obj
 .rodata.__func__.9
                0x10009560       0x10 CMakeFiles/RP2040.dir/D_/pico/pico-sdk/lib/tinyusb/src/portable/raspberrypi/rp2040/dcd_rp2040.c.obj
 .rodata._hw_endpoint_buffer_control_update32.str1.4
                0x10009570       0x1f CMakeFiles/RP2040.dir/D_/pico/pico-sdk/lib/tinyusb/src/portable/raspberrypi/rp2040/rp2040_usb.c.obj
 *fill*         0x1000958f        0x1 
 .rodata._hw_endpoint_xfer_sync.str1.4
                0x10009590       0x89 CMakeFiles/RP2040.dir/D_/pico/pico-sdk/lib/tinyusb/src/portable/raspberrypi/rp2040/rp2040_usb.c.obj
 *fill*         0x10009619        0x3 
 .rodata._hw_endpoint_xfer_continue.str1.4
                0x1000961c       0x50 CMakeFiles/RP2040.dir/D_/pico/pico-sdk/lib/tinyusb/src/portable/raspberrypi/rp2040/rp2040_usb.c.obj
 .rodata._hw_endpoint_xfer.str1.4
                0x1000966c        0xf CMakeFiles/RP2040.dir/D_/pico/pico-sdk/lib/tinyusb/src/portable/raspberrypi/rp2040/rp2040_usb.c.obj
 .rodata.str1.4
                0x1000967b        0xf CMakeFiles/RP2040.dir/D_/pico/pico-sdk/lib/tinyusb/src/portable/raspberrypi/rp2040/rp2040_usb.c.obj
                                  0x7 (size before relaxing)
 *fill*         0x1000967b        0x1 
 .rodata.__func__.0
                0x1000967c       0x12 CMakeFiles/RP2040.dir/D_/pico/pico-sdk/lib/tinyusb/src/portable/raspberrypi/rp2040/rp2040_usb.c.obj
 *fill*         0x1000968e        0x2 
 .rodata.__func__.1
                0x10009690       0x17 CMakeFiles/RP2040.dir/D_/pico/pico-sdk/lib/tinyusb/src/portable/raspberrypi/rp2040/rp2040_usb.c.obj
 *fill*         0x100096a7        0x1 
 .rodata.process_set_config.str1.4
                0x100096a8       0x17 CMakeFiles/RP2040.dir/D_/pico/pico-sdk/lib/tinyusb/src/device/usbd.c.obj
 *fill*         0x100096bf        0x1 
 .rodata.process_get_descriptor
                0x100096c0       0x40 CMakeFiles/RP2040.dir/D_/pico/pico-sdk/lib/tinyusb/src/device/usbd.c.obj
 .rodata.process_control_request
                0x10009700       0x28 CMakeFiles/RP2040.dir/D_/pico/pico-sdk/lib/tinyusb/src/device/usbd.c.obj
 .rodata.tud_task
                0x10009728       0x24 CMakeFiles/RP2040.dir/D_/pico/pico-sdk/lib/tinyusb/src/device/usbd.c.obj
 .rodata.__func__.2
                0x1000974c        0xf CMakeFiles/RP2040.dir/D_/pico/pico-sdk/lib/tinyusb/src/device/usbd.c.obj
 *fill*         0x1000975b        0x1 
 .rodata.__func__.3
                0x1000975c        0xf CMakeFiles/RP2040.dir/D_/pico/pico-sdk/lib/tinyusb/src/device/usbd.c.obj
 *fill*         0x1000976b        0x1 
 .rodata.__func__.4
                0x1000976c       0x14 CMakeFiles/RP2040.dir/D_/pico/pico-sdk/lib/tinyusb/src/device/usbd.c.obj
 .rodata.__func__.5
                0x10009780       0x10 CMakeFiles/RP2040.dir/D_/pico/pico-sdk/lib/tinyusb/src/device/usbd.c.obj
 .rodata.__func__.6
                0x10009790       0x17 CMakeFiles/RP2040.dir/D_/pico/pico-sdk/lib/tinyusb/src/device/usbd.c.obj
 *fill*         0x100097a7        0x1 
 .rodata.__func__.7
                0x100097a8       0x13 CMakeFiles/RP2040.dir/D_/pico/pico-sdk/lib/tinyusb/src/device/usbd.c.obj
 *fill*         0x100097bb        0x1 
 .rodata.__func__.8
                0x100097bc       0x18 CMakeFiles/RP2040.dir/D_/pico/pico-sdk/lib/tinyusb/src/device/usbd.c.obj
 .rodata.__func__.9
                0x100097d4        0x9 CMakeFiles/RP2040.dir/D_/pico/pico-sdk/lib/tinyusb/src/device/usbd.c.obj
 *fill*         0x100097dd        0x3 
 .rodata._usbd_driver
                0x100097e0       0x18 CMakeFiles/RP2040.dir/D_/pico/pico-sdk/lib/tinyusb/src/device/usbd.c.obj
 .rodata.tud_control_xfer.str1.4
                0x100097f8       0x17 CMakeFiles/RP2040.dir/D_/pico/pico-sdk/lib/tinyusb/src/device/usbd_control.c.obj
 .rodata.__func__.0
                0x100097f8       0x15 CMakeFiles/RP2040.dir/D_/pico/pico-sdk/lib/tinyusb/src/device/usbd_control.c.obj
 *fill*         0x1000980d        0x3 
 .rodata.__func__.1
                0x10009810       0x11 CMakeFiles/RP2040.dir/D_/pico/pico-sdk/lib/tinyusb/src/device/usbd_control.c.obj
 .rodata.tud_cdc_n_write_flush.str1.4
                0x10009821       0x17 CMakeFiles/RP2040.dir/D_/pico/pico-sdk/lib/tinyusb/src/class/cdc/cdc_device.c.obj
 *fill*         0x10009821        0x3 
 .rodata.__func__.0
                0x10009824        0xd CMakeFiles/RP2040.dir/D_/pico/pico-sdk/lib/tinyusb/src/class/cdc/cdc_device.c.obj
 *fill*         0x10009831        0x3 
 .rodata.__func__.1
                0x10009834        0xa CMakeFiles/RP2040.dir/D_/pico/pico-sdk/lib/tinyusb/src/class/cdc/cdc_device.c.obj
 *fill*         0x1000983e        0x2 
 .rodata.__func__.2
                0x10009840       0x16 CMakeFiles/RP2040.dir/D_/pico/pico-sdk/lib/tinyusb/src/class/cdc/cdc_device.c.obj
 .rodata.tusb_init.str1.4
                0x10009856       0x17 CMakeFiles/RP2040.dir/D_/pico/pico-sdk/lib/tinyusb/src/tusb.c.obj
 *fill*         0x10009856        0x2 
 .rodata.__func__.0
                0x10009858        0xa CMakeFiles/RP2040.dir/D_/pico/pico-sdk/lib/tinyusb/src/tusb.c.obj
 *fill*         0x10009862        0x2 
 .rodata.pico_get_unique_board_id_string.str1.4
                0x10009864       0x43 CMakeFiles/RP2040.dir/D_/pico/pico-sdk/src/rp2_common/pico_unique_id/unique_id.c.obj
 *fill*         0x100098a7        0x1 
 .rodata.__func__.0
                0x100098a8       0x20 CMakeFiles/RP2040.dir/D_/pico/pico-sdk/src/rp2_common/pico_unique_id/unique_id.c.obj
 .rodata.str1.4
                0x100098c8      0x14e CMakeFiles/RP2040.dir/D_/pico/pico-sdk/src/rp2_common/hardware_flash/flash.c.obj
 *fill*         0x10009a16        0x2 
 .rodata.__func__.0
                0x10009a18        0xd CMakeFiles/RP2040.dir/D_/pico/pico-sdk/src/rp2_common/hardware_flash/flash.c.obj
                0x10009a28                . = ALIGN (0x4)
 *fill*         0x10009a25        0x3 
 *(SORT_BY_ALIGNMENT(SORT_BY_NAME(.flashdata*)))
                0x10009a28                . = ALIGN (0x4)

.rel.dyn        0x10009a28        0x0
 .rel.iplt      0x10009a28        0x0 c:/programs/gnuarm~1/102020~1/bin/../lib/gcc/arm-none-eabi/10.2.1/thumb/v6-m/nofp/crtbegin.o

.ARM.extab
 *(.ARM.extab* .gnu.linkonce.armextab.*)
                0x10009a28                __exidx_start = .

.ARM.exidx
 *(.ARM.exidx* .gnu.linkonce.armexidx.*)
                0x10009a28                __exidx_end = .
                0x10009a28                . = ALIGN (0x4)
                0x10009a28                __binary_info_start = .

.binary_info    0x10009a28       0x2c
 *(.binary_info.keep.*)
 .binary_info.keep.__bi_ptr22
                0x10009a28        0x4 CMakeFiles/RP2040.dir/D_/pico/pico-sdk/src/rp2_common/pico_standard_link/binary_info.c.obj
 .binary_info.keep.__bi_ptr30
                0x10009a2c        0x4 CMakeFiles/RP2040.dir/D_/pico/pico-sdk/src/rp2_common/pico_standard_link/binary_info.c.obj
 .binary_info.keep.__bi_ptr38
                0x10009a30        0x4 CMakeFiles/RP2040.dir/D_/pico/pico-sdk/src/rp2_common/pico_standard_link/binary_info.c.obj
 .binary_info.keep.__bi_ptr44
                0x10009a34        0x4 CMakeFiles/RP2040.dir/D_/pico/pico-sdk/src/rp2_common/pico_standard_link/binary_info.c.obj
 .binary_info.keep.__bi_ptr50
                0x10009a38        0x4 CMakeFiles/RP2040.dir/D_/pico/pico-sdk/src/rp2_common/pico_standard_link/binary_info.c.obj
 .binary_info.keep.__bi_ptr56
                0x10009a3c        0x4 CMakeFiles/RP2040.dir/D_/pico/pico-sdk/src/rp2_common/pico_standard_link/binary_info.c.obj
 .binary_info.keep.__bi_ptr75
                0x10009a40        0x4 CMakeFiles/RP2040.dir/D_/pico/pico-sdk/src/rp2_common/pico_standard_link/binary_info.c.obj
 .binary_info.keep.__bi_ptr81
                0x10009a44        0x4 CMakeFiles/RP2040.dir/D_/pico/pico-sdk/src/rp2_common/pico_standard_link/binary_info.c.obj
 *(.binary_info.*)
 .binary_info.__bi_ptr28
                0x10009a48        0x4 CMakeFiles/RP2040.dir/D_/pico/pico-sdk/src/rp2_common/pico_stdio_uart/stdio_uart.c.obj
 .binary_info.__bi_ptr29
                0x10009a4c        0x4 CMakeFiles/RP2040.dir/D_/pico/pico-sdk/src/rp2_common/pico_stdio_uart/stdio_uart.c.obj
 .binary_info.__bi_ptr93
                0x10009a50        0x4 CMakeFiles/RP2040.dir/D_/pico/pico-sdk/src/rp2_common/pico_stdio_usb/stdio_usb.c.obj
                0x10009a54                __binary_info_end = .
                0x10009a54                . = ALIGN (0x4)
                0x10009a54                __etext = .

.ram_vector_table
                0x20000000       0xc0
 *(.ram_vector_table)
 .ram_vector_table
                0x20000000       0xc0 CMakeFiles/RP2040.dir/D_/pico/pico-sdk/src/rp2_common/pico_runtime/runtime.c.obj
                0x20000000                ram_vector_table

.data           0x200000c0      0x514 load address 0x10009a54
                0x200000c0                __data_start__ = .
 *(vtable)
 *(.time_critical*)
 .time_critical.mutex_enter_blocking
                0x200000c0       0x94 CMakeFiles/RP2040.dir/D_/pico/pico-sdk/src/common/pico_sync/mutex.c.obj
                0x200000c0                mutex_enter_blocking
 .time_critical.mutex_try_enter
                0x20000154       0x5a CMakeFiles/RP2040.dir/D_/pico/pico-sdk/src/common/pico_sync/mutex.c.obj
                0x20000154                mutex_try_enter
 *fill*         0x200001ae        0x2 
 .time_critical.mutex_enter_block_until
                0x200001b0       0x8c CMakeFiles/RP2040.dir/D_/pico/pico-sdk/src/common/pico_sync/mutex.c.obj
                0x200001b0                mutex_enter_block_until
 .time_critical.mutex_enter_timeout_ms
                0x2000023c       0x74 CMakeFiles/RP2040.dir/D_/pico/pico-sdk/src/common/pico_sync/mutex.c.obj
                0x2000023c                mutex_enter_timeout_ms
 .time_critical.mutex_exit
                0x200002b0       0x94 CMakeFiles/RP2040.dir/D_/pico/pico-sdk/src/common/pico_sync/mutex.c.obj
                0x200002b0                mutex_exit
 .time_critical.flash_init_boot2_copyout
                0x20000344       0x30 CMakeFiles/RP2040.dir/D_/pico/pico-sdk/src/rp2_common/hardware_flash/flash.c.obj
 .time_critical.flash_enable_xip_via_boot2
                0x20000374       0x10 CMakeFiles/RP2040.dir/D_/pico/pico-sdk/src/rp2_common/hardware_flash/flash.c.obj
 .time_critical.flash_cs_force
                0x20000384       0x28 CMakeFiles/RP2040.dir/D_/pico/pico-sdk/src/rp2_common/hardware_flash/flash.c.obj
 .time_critical.flash_do_cmd
                0x200003ac       0xc0 CMakeFiles/RP2040.dir/D_/pico/pico-sdk/src/rp2_common/hardware_flash/flash.c.obj
                0x200003ac                flash_do_cmd
 *(.text*)
 .text          0x2000046c        0x4 c:/programs/gnuarm~1/102020~1/bin/../lib/gcc/arm-none-eabi/10.2.1/thumb/v6-m/nofp\libgcc.a(_dvmd_tls.o)
                0x2000046c                __aeabi_idiv0
                0x2000046c                __aeabi_ldiv0
 .text.__stub   0x20000470       0x50 linker stubs
                0x200004c0                . = ALIGN (0x4)
 *(.rodata*)
                0x200004c0                . = ALIGN (0x4)
 *(.data*)
 .data.striped_spin_lock_num
                0x200004c0        0x1 CMakeFiles/RP2040.dir/D_/pico/pico-sdk/src/rp2_common/hardware_sync/sync.c.obj
 *fill*         0x200004c1        0x3 
 .data.default_alarm_pool
                0x200004c4       0x18 CMakeFiles/RP2040.dir/D_/pico/pico-sdk/src/common/pico_time/time.c.obj
 .data.default_alarm_pool_heap
                0x200004dc       0x10 CMakeFiles/RP2040.dir/D_/pico/pico-sdk/src/common/pico_time/time.c.obj
 .data          0x200004ec       0x48 CMakeFiles/RP2040.dir/D_/pico/pico-sdk/src/rp2_common/hardware_irq/irq_handler_chain.S.obj
                0x200004ec                irq_handler_chain_slots
                0x2000051c                irq_handler_chain_first_slot
                0x20000526                irq_handler_chain_remove_tail
 *fill*         0x20000534        0xc 
 .data.aeabi_bits_funcs
                0x20000540       0x10 CMakeFiles/RP2040.dir/D_/pico/pico-sdk/src/rp2_common/pico_bit_ops/bit_ops_aeabi.S.obj
                0x20000540                aeabi_bits_funcs
                0x20000550                aeabi_bits_funcs_end
 .data.aeabi_mem_funcs
                0x20000550       0x10 CMakeFiles/RP2040.dir/D_/pico/pico-sdk/src/rp2_common/pico_mem_ops/mem_ops_aeabi.S.obj
                0x20000550                aeabi_mem_funcs
                0x20000560                aeabi_mem_funcs_end
 .data.stdio_uart
                0x20000560       0x14 CMakeFiles/RP2040.dir/D_/pico/pico-sdk/src/rp2_common/pico_stdio_uart/stdio_uart.c.obj
                0x20000560                stdio_uart
 .data.stdio_usb
                0x20000574       0x14 CMakeFiles/RP2040.dir/D_/pico/pico-sdk/src/rp2_common/pico_stdio_usb/stdio_usb.c.obj
                0x20000574                stdio_usb
 .data.ep_dir_string
                0x20000588        0x8 CMakeFiles/RP2040.dir/D_/pico/pico-sdk/lib/tinyusb/src/portable/raspberrypi/rp2040/rp2040_usb.c.obj
                0x20000588                ep_dir_string
 .data._usbd_qdef
                0x20000590       0x24 CMakeFiles/RP2040.dir/D_/pico/pico-sdk/lib/tinyusb/src/device/usbd.c.obj